#! /opt/homebrew/Cellar/icarus-verilog/13.0/bin/vvp
:ivl_version "13.0 (stable)" "(v13_0)";
:ivl_delay_selection "TYPICAL";
:vpi_time_precision - 12;
:vpi_module "/opt/homebrew/Cellar/icarus-verilog/13.0/lib/ivl/system.vpi";
:vpi_module "/opt/homebrew/Cellar/icarus-verilog/13.0/lib/ivl/vhdl_sys.vpi";
:vpi_module "/opt/homebrew/Cellar/icarus-verilog/13.0/lib/ivl/vhdl_textio.vpi";
:vpi_module "/opt/homebrew/Cellar/icarus-verilog/13.0/lib/ivl/v2005_math.vpi";
:vpi_module "/opt/homebrew/Cellar/icarus-verilog/13.0/lib/ivl/va_math.vpi";
S_0x159e21ed0 .scope module, "forwarding_unit" "forwarding_unit" 2 1;
 .timescale 0 0;
    .port_info 0 /INPUT 5 "rs1";
    .port_info 1 /INPUT 5 "rs2";
    .port_info 2 /INPUT 1 "ex_mem_reg_write";
    .port_info 3 /INPUT 5 "ex_mem_rd";
    .port_info 4 /INPUT 1 "mem_wb_reg_write";
    .port_info 5 /INPUT 5 "mem_wb_rd";
    .port_info 6 /OUTPUT 2 "forward_a";
    .port_info 7 /OUTPUT 2 "forward_b";
o0x160050010 .functor BUFZ 5, c4<zzzzz>; HiZ drive
v0x6000007c5e60_0 .net "ex_mem_rd", 4 0, o0x160050010;  0 drivers
o0x160050040 .functor BUFZ 1, c4<z>; HiZ drive
v0x6000007c5ef0_0 .net "ex_mem_reg_write", 0 0, o0x160050040;  0 drivers
v0x6000007c5f80_0 .var "forward_a", 1 0;
v0x6000007c6010_0 .var "forward_b", 1 0;
o0x1600500d0 .functor BUFZ 5, c4<zzzzz>; HiZ drive
v0x6000007c60a0_0 .net "mem_wb_rd", 4 0, o0x1600500d0;  0 drivers
o0x160050100 .functor BUFZ 1, c4<z>; HiZ drive
v0x6000007c6130_0 .net "mem_wb_reg_write", 0 0, o0x160050100;  0 drivers
o0x160050130 .functor BUFZ 5, c4<zzzzz>; HiZ drive
v0x6000007c61c0_0 .net "rs1", 4 0, o0x160050130;  0 drivers
o0x160050160 .functor BUFZ 5, c4<zzzzz>; HiZ drive
v0x6000007c6250_0 .net "rs2", 4 0, o0x160050160;  0 drivers
E_0x6000020cee80/0 .event anyedge, v0x6000007c5ef0_0, v0x6000007c5e60_0, v0x6000007c61c0_0, v0x6000007c6250_0;
E_0x6000020cee80/1 .event anyedge, v0x6000007c6130_0, v0x6000007c60a0_0;
E_0x6000020cee80 .event/or E_0x6000020cee80/0, E_0x6000020cee80/1;
S_0x159e0d610 .scope module, "hazard_detection_unit" "hazard_detection_unit" 3 1;
 .timescale 0 0;
    .port_info 0 /INPUT 5 "id_rs1";
    .port_info 1 /INPUT 5 "id_rs2";
    .port_info 2 /INPUT 1 "ex_mem_read";
    .port_info 3 /INPUT 5 "ex_rd";
    .port_info 4 /OUTPUT 1 "pc_write";
    .port_info 5 /OUTPUT 1 "if_id_write";
    .port_info 6 /OUTPUT 1 "stall";
o0x160050310 .functor BUFZ 1, c4<z>; HiZ drive
v0x6000007c62e0_0 .net "ex_mem_read", 0 0, o0x160050310;  0 drivers
o0x160050340 .functor BUFZ 5, c4<zzzzz>; HiZ drive
v0x6000007c6370_0 .net "ex_rd", 4 0, o0x160050340;  0 drivers
o0x160050370 .functor BUFZ 5, c4<zzzzz>; HiZ drive
v0x6000007c6400_0 .net "id_rs1", 4 0, o0x160050370;  0 drivers
o0x1600503a0 .functor BUFZ 5, c4<zzzzz>; HiZ drive
v0x6000007c6490_0 .net "id_rs2", 4 0, o0x1600503a0;  0 drivers
v0x6000007c6520_0 .var "if_id_write", 0 0;
v0x6000007c65b0_0 .var "pc_write", 0 0;
v0x6000007c6640_0 .var "stall", 0 0;
E_0x6000020cee00 .event anyedge, v0x6000007c62e0_0, v0x6000007c6370_0, v0x6000007c6400_0, v0x6000007c6490_0;
S_0x159e0d780 .scope module, "riscv_pipeline_tb" "riscv_pipeline_tb" 4 3;
 .timescale -9 -12;
v0x6000007cd200_0 .var "clk", 0 0;
v0x6000007cd290_0 .var "rst_n", 0 0;
S_0x159e0e710 .scope module, "DUT" "riscv_pipeline_top" 4 12, 5 1 0, S_0x159e0d780;
 .timescale 0 0;
    .port_info 0 /INPUT 1 "clk";
    .port_info 1 /INPUT 1 "rst_n";
L_0x600001ec0620 .functor BUFZ 32, v0x6000007c3570_0, C4<00000000000000000000000000000000>, C4<00000000000000000000000000000000>, C4<00000000000000000000000000000000>;
v0x6000007c3a80_0 .net "clk", 0 0, v0x6000007cd200_0;  1 drivers
v0x6000007c3b10_0 .net "ex_alu_control", 3 0, v0x6000007c7720_0;  1 drivers
v0x6000007c3ba0_0 .net "ex_alu_result", 31 0, v0x6000007c70f0_0;  1 drivers
v0x6000007c3c30_0 .net "ex_alu_src", 0 0, v0x6000007c7840_0;  1 drivers
v0x6000007c3cc0_0 .net "ex_branch", 0 0, v0x6000007c7960_0;  1 drivers
v0x6000007c3d50_0 .net "ex_immediate", 31 0, v0x6000007c7b10_0;  1 drivers
v0x6000007c3de0_0 .net "ex_mem_read", 0 0, v0x6000007c7c30_0;  1 drivers
v0x6000007c3e70_0 .net "ex_mem_write", 0 0, v0x6000007c7d50_0;  1 drivers
v0x6000007c3f00_0 .net "ex_rd_addr", 4 0, v0x6000007c7e70_0;  1 drivers
v0x6000007cc000_0 .net "ex_reg_write", 0 0, v0x6000007c0000_0;  1 drivers
v0x6000007cc090_0 .net "ex_rs1_data", 31 0, v0x6000007c0120_0;  1 drivers
v0x6000007cc120_0 .net "ex_rs2_data", 31 0, v0x6000007c0240_0;  1 drivers
v0x6000007cc1b0_0 .net "ex_zero", 0 0, L_0x6000004c5220;  1 drivers
v0x6000007cc240_0 .net "id_alu_control", 3 0, v0x6000007c0360_0;  1 drivers
v0x6000007cc2d0_0 .net "id_alu_src", 0 0, v0x6000007c03f0_0;  1 drivers
v0x6000007cc360_0 .net "id_branch", 0 0, v0x6000007c0480_0;  1 drivers
v0x6000007cc3f0_0 .net "id_immediate", 31 0, v0x6000007c0870_0;  1 drivers
v0x6000007cc480_0 .net "id_instruction", 31 0, v0x6000007c2400_0;  1 drivers
v0x6000007cc510_0 .net "id_mem_read", 0 0, v0x6000007c0630_0;  1 drivers
v0x6000007cc5a0_0 .net "id_mem_write", 0 0, v0x6000007c06c0_0;  1 drivers
v0x6000007cc630_0 .net "id_pc", 31 0, v0x6000007c2520_0;  1 drivers
v0x6000007cc6c0_0 .net "id_rd_addr", 4 0, L_0x6000004c4280;  1 drivers
v0x6000007cc750_0 .net "id_reg_write", 0 0, v0x6000007c07e0_0;  1 drivers
v0x6000007cc7e0_0 .net "id_rs1_data", 31 0, L_0x6000004c4dc0;  1 drivers
v0x6000007cc870_0 .net "id_rs2_data", 31 0, L_0x6000004c5040;  1 drivers
v0x6000007cc900_0 .net "if_instruction", 31 0, L_0x600001ec0540;  1 drivers
v0x6000007cc990_0 .net "if_pc", 31 0, L_0x600001ec04d0;  1 drivers
v0x6000007cca20_0 .net "mem_alu_result", 31 0, v0x6000007c6760_0;  1 drivers
v0x6000007ccab0_0 .net "mem_mem_read", 0 0, v0x6000007c6910_0;  1 drivers
v0x6000007ccb40_0 .net "mem_mem_write", 0 0, v0x6000007c6a30_0;  1 drivers
v0x6000007ccbd0_0 .net "mem_rd_addr", 4 0, v0x6000007c6b50_0;  1 drivers
v0x6000007ccc60_0 .net "mem_reg_write", 0 0, v0x6000007c6c70_0;  1 drivers
v0x6000007cccf0_0 .net "mem_rs2_data", 31 0, v0x6000007c6d90_0;  1 drivers
v0x6000007ccd80_0 .net "memory_address", 31 0, L_0x600001ec05b0;  1 drivers
v0x6000007cce10_0 .net "memory_data", 31 0, v0x6000007c2fd0_0;  1 drivers
v0x6000007ccea0_0 .net "rst_n", 0 0, v0x6000007cd290_0;  1 drivers
v0x6000007ccf30_0 .net "wb_alu_result", 31 0, v0x6000007c3570_0;  1 drivers
v0x6000007ccfc0_0 .net "wb_memory_data", 31 0, v0x6000007c3720_0;  1 drivers
v0x6000007cd050_0 .net "wb_rd_addr", 4 0, v0x6000007c3840_0;  1 drivers
v0x6000007cd0e0_0 .net "wb_reg_write", 0 0, v0x6000007c3960_0;  1 drivers
v0x6000007cd170_0 .net "wb_write_data", 31 0, L_0x600001ec0620;  1 drivers
S_0x159e05810 .scope module, "EX_MEM" "ex_mem_reg" 5 187, 6 1 0, S_0x159e0e710;
 .timescale 0 0;
    .port_info 0 /INPUT 1 "clk";
    .port_info 1 /INPUT 1 "rst_n";
    .port_info 2 /INPUT 32 "alu_result_in";
    .port_info 3 /INPUT 32 "rs2_data_in";
    .port_info 4 /INPUT 5 "rd_addr_in";
    .port_info 5 /INPUT 1 "reg_write_in";
    .port_info 6 /INPUT 1 "mem_read_in";
    .port_info 7 /INPUT 1 "mem_write_in";
    .port_info 8 /OUTPUT 32 "alu_result_out";
    .port_info 9 /OUTPUT 32 "rs2_data_out";
    .port_info 10 /OUTPUT 5 "rd_addr_out";
    .port_info 11 /OUTPUT 1 "reg_write_out";
    .port_info 12 /OUTPUT 1 "mem_read_out";
    .port_info 13 /OUTPUT 1 "mem_write_out";
v0x6000007c66d0_0 .net "alu_result_in", 31 0, v0x6000007c70f0_0;  alias, 1 drivers
v0x6000007c6760_0 .var "alu_result_out", 31 0;
v0x6000007c67f0_0 .net "clk", 0 0, v0x6000007cd200_0;  alias, 1 drivers
v0x6000007c6880_0 .net "mem_read_in", 0 0, v0x6000007c7c30_0;  alias, 1 drivers
v0x6000007c6910_0 .var "mem_read_out", 0 0;
v0x6000007c69a0_0 .net "mem_write_in", 0 0, v0x6000007c7d50_0;  alias, 1 drivers
v0x6000007c6a30_0 .var "mem_write_out", 0 0;
v0x6000007c6ac0_0 .net "rd_addr_in", 4 0, v0x6000007c7e70_0;  alias, 1 drivers
v0x6000007c6b50_0 .var "rd_addr_out", 4 0;
v0x6000007c6be0_0 .net "reg_write_in", 0 0, v0x6000007c0000_0;  alias, 1 drivers
v0x6000007c6c70_0 .var "reg_write_out", 0 0;
v0x6000007c6d00_0 .net "rs2_data_in", 31 0, v0x6000007c0240_0;  alias, 1 drivers
v0x6000007c6d90_0 .var "rs2_data_out", 31 0;
v0x6000007c6e20_0 .net "rst_n", 0 0, v0x6000007cd290_0;  alias, 1 drivers
E_0x6000020cefc0/0 .event negedge, v0x6000007c6e20_0;
E_0x6000020cefc0/1 .event posedge, v0x6000007c67f0_0;
E_0x6000020cefc0 .event/or E_0x6000020cefc0/0, E_0x6000020cefc0/1;
S_0x159e0b7b0 .scope module, "EX_STAGE" "execute_stage" 5 159, 7 1 0, S_0x159e0e710;
 .timescale 0 0;
    .port_info 0 /INPUT 32 "rs1_data";
    .port_info 1 /INPUT 32 "rs2_data";
    .port_info 2 /INPUT 32 "immediate";
    .port_info 3 /INPUT 1 "alu_src";
    .port_info 4 /INPUT 4 "alu_control";
    .port_info 5 /OUTPUT 32 "alu_result";
    .port_info 6 /OUTPUT 1 "zero";
v0x6000007c7210_0 .net "alu_control", 3 0, v0x6000007c7720_0;  alias, 1 drivers
v0x6000007c72a0_0 .net "alu_result", 31 0, v0x6000007c70f0_0;  alias, 1 drivers
v0x6000007c7330_0 .net "alu_src", 0 0, v0x6000007c7840_0;  alias, 1 drivers
v0x6000007c73c0_0 .net "immediate", 31 0, v0x6000007c7b10_0;  alias, 1 drivers
v0x6000007c7450_0 .net "operand_b", 31 0, L_0x6000004c5180;  1 drivers
v0x6000007c74e0_0 .net "rs1_data", 31 0, v0x6000007c0120_0;  alias, 1 drivers
v0x6000007c7570_0 .net "rs2_data", 31 0, v0x6000007c0240_0;  alias, 1 drivers
v0x6000007c7600_0 .net "zero", 0 0, L_0x6000004c5220;  alias, 1 drivers
L_0x6000004c5180 .functor MUXZ 32, v0x6000007c0240_0, v0x6000007c7b10_0, v0x6000007c7840_0, C4<>;
S_0x159e0b920 .scope module, "alu_inst" "alu" 7 38, 8 1 0, S_0x159e0b7b0;
 .timescale 0 0;
    .port_info 0 /INPUT 32 "operand_a";
    .port_info 1 /INPUT 32 "operand_b";
    .port_info 2 /INPUT 4 "alu_control";
    .port_info 3 /OUTPUT 32 "result";
    .port_info 4 /OUTPUT 1 "zero";
L_0x1600881c0 .functor BUFT 1, C4<00000000000000000000000000000000>, C4<0>, C4<0>, C4<0>;
v0x6000007c6eb0_0 .net/2u *"_ivl_0", 31 0, L_0x1600881c0;  1 drivers
v0x6000007c6f40_0 .net "alu_control", 3 0, v0x6000007c7720_0;  alias, 1 drivers
v0x6000007c6fd0_0 .net "operand_a", 31 0, v0x6000007c0120_0;  alias, 1 drivers
v0x6000007c7060_0 .net "operand_b", 31 0, L_0x6000004c5180;  alias, 1 drivers
v0x6000007c70f0_0 .var "result", 31 0;
v0x6000007c7180_0 .net "zero", 0 0, L_0x6000004c5220;  alias, 1 drivers
E_0x6000020cf040 .event anyedge, v0x6000007c6f40_0, v0x6000007c6fd0_0, v0x6000007c7060_0;
L_0x6000004c5220 .cmp/eq 32, v0x6000007c70f0_0, L_0x1600881c0;
S_0x159e04950 .scope module, "ID_EX" "id_ex_reg" 5 117, 9 1 0, S_0x159e0e710;
 .timescale 0 0;
    .port_info 0 /INPUT 1 "clk";
    .port_info 1 /INPUT 1 "rst_n";
    .port_info 2 /INPUT 32 "rs1_data_in";
    .port_info 3 /INPUT 32 "rs2_data_in";
    .port_info 4 /INPUT 32 "immediate_in";
    .port_info 5 /INPUT 5 "rd_addr_in";
    .port_info 6 /INPUT 1 "reg_write_in";
    .port_info 7 /INPUT 1 "mem_read_in";
    .port_info 8 /INPUT 1 "mem_write_in";
    .port_info 9 /INPUT 1 "branch_in";
    .port_info 10 /INPUT 1 "alu_src_in";
    .port_info 11 /INPUT 4 "alu_control_in";
    .port_info 12 /OUTPUT 32 "rs1_data_out";
    .port_info 13 /OUTPUT 32 "rs2_data_out";
    .port_info 14 /OUTPUT 32 "immediate_out";
    .port_info 15 /OUTPUT 5 "rd_addr_out";
    .port_info 16 /OUTPUT 1 "reg_write_out";
    .port_info 17 /OUTPUT 1 "mem_read_out";
    .port_info 18 /OUTPUT 1 "mem_write_out";
    .port_info 19 /OUTPUT 1 "branch_out";
    .port_info 20 /OUTPUT 1 "alu_src_out";
    .port_info 21 /OUTPUT 4 "alu_control_out";
v0x6000007c7690_0 .net "alu_control_in", 3 0, v0x6000007c0360_0;  alias, 1 drivers
v0x6000007c7720_0 .var "alu_control_out", 3 0;
v0x6000007c77b0_0 .net "alu_src_in", 0 0, v0x6000007c03f0_0;  alias, 1 drivers
v0x6000007c7840_0 .var "alu_src_out", 0 0;
v0x6000007c78d0_0 .net "branch_in", 0 0, v0x6000007c0480_0;  alias, 1 drivers
v0x6000007c7960_0 .var "branch_out", 0 0;
v0x6000007c79f0_0 .net "clk", 0 0, v0x6000007cd200_0;  alias, 1 drivers
v0x6000007c7a80_0 .net "immediate_in", 31 0, v0x6000007c0870_0;  alias, 1 drivers
v0x6000007c7b10_0 .var "immediate_out", 31 0;
v0x6000007c7ba0_0 .net "mem_read_in", 0 0, v0x6000007c0630_0;  alias, 1 drivers
v0x6000007c7c30_0 .var "mem_read_out", 0 0;
v0x6000007c7cc0_0 .net "mem_write_in", 0 0, v0x6000007c06c0_0;  alias, 1 drivers
v0x6000007c7d50_0 .var "mem_write_out", 0 0;
v0x6000007c7de0_0 .net "rd_addr_in", 4 0, L_0x6000004c4280;  alias, 1 drivers
v0x6000007c7e70_0 .var "rd_addr_out", 4 0;
v0x6000007c7f00_0 .net "reg_write_in", 0 0, v0x6000007c07e0_0;  alias, 1 drivers
v0x6000007c0000_0 .var "reg_write_out", 0 0;
v0x6000007c0090_0 .net "rs1_data_in", 31 0, L_0x6000004c4dc0;  alias, 1 drivers
v0x6000007c0120_0 .var "rs1_data_out", 31 0;
v0x6000007c01b0_0 .net "rs2_data_in", 31 0, L_0x6000004c5040;  alias, 1 drivers
v0x6000007c0240_0 .var "rs2_data_out", 31 0;
v0x6000007c02d0_0 .net "rst_n", 0 0, v0x6000007cd290_0;  alias, 1 drivers
S_0x159e04ac0 .scope module, "ID_STAGE" "decode_stage" 5 71, 10 1 0, S_0x159e0e710;
 .timescale 0 0;
    .port_info 0 /INPUT 1 "clk";
    .port_info 1 /INPUT 1 "rst_n";
    .port_info 2 /INPUT 32 "instruction";
    .port_info 3 /INPUT 1 "wb_reg_write";
    .port_info 4 /INPUT 5 "wb_rd_addr";
    .port_info 5 /INPUT 32 "wb_rd_data";
    .port_info 6 /OUTPUT 32 "rs1_data";
    .port_info 7 /OUTPUT 32 "rs2_data";
    .port_info 8 /OUTPUT 32 "immediate";
    .port_info 9 /OUTPUT 5 "rd_addr";
    .port_info 10 /OUTPUT 1 "reg_write";
    .port_info 11 /OUTPUT 1 "mem_read";
    .port_info 12 /OUTPUT 1 "mem_write";
    .port_info 13 /OUTPUT 1 "branch";
    .port_info 14 /OUTPUT 1 "alu_src";
    .port_info 15 /OUTPUT 4 "alu_control";
v0x6000007c1710_0 .net "alu_control", 3 0, v0x6000007c0360_0;  alias, 1 drivers
v0x6000007c17a0_0 .net "alu_src", 0 0, v0x6000007c03f0_0;  alias, 1 drivers
v0x6000007c1830_0 .net "branch", 0 0, v0x6000007c0480_0;  alias, 1 drivers
v0x6000007c18c0_0 .net "clk", 0 0, v0x6000007cd200_0;  alias, 1 drivers
v0x6000007c1950_0 .net "funct3", 2 0, L_0x6000004c4320;  1 drivers
v0x6000007c19e0_0 .net "funct7", 6 0, L_0x6000004c4640;  1 drivers
v0x6000007c1a70_0 .net "immediate", 31 0, v0x6000007c0870_0;  alias, 1 drivers
v0x6000007c1b00_0 .net "instruction", 31 0, v0x6000007c2400_0;  alias, 1 drivers
v0x6000007c1b90_0 .net "mem_read", 0 0, v0x6000007c0630_0;  alias, 1 drivers
v0x6000007c1c20_0 .net "mem_write", 0 0, v0x6000007c06c0_0;  alias, 1 drivers
v0x6000007c1cb0_0 .net "opcode", 6 0, L_0x6000004c41e0;  1 drivers
v0x6000007c1d40_0 .net "rd_addr", 4 0, L_0x6000004c4280;  alias, 1 drivers
v0x6000007c1dd0_0 .net "reg_write", 0 0, v0x6000007c07e0_0;  alias, 1 drivers
v0x6000007c1e60_0 .net "rs1_addr", 4 0, L_0x6000004c43c0;  1 drivers
v0x6000007c1ef0_0 .net "rs1_data", 31 0, L_0x6000004c4dc0;  alias, 1 drivers
v0x6000007c1f80_0 .net "rs2_addr", 4 0, L_0x6000004c4460;  1 drivers
v0x6000007c2010_0 .net "rs2_data", 31 0, L_0x6000004c5040;  alias, 1 drivers
v0x6000007c20a0_0 .net "rst_n", 0 0, v0x6000007cd290_0;  alias, 1 drivers
v0x6000007c2130_0 .net "wb_rd_addr", 4 0, v0x6000007c3840_0;  alias, 1 drivers
v0x6000007c21c0_0 .net "wb_rd_data", 31 0, L_0x600001ec0620;  alias, 1 drivers
v0x6000007c2250_0 .net "wb_reg_write", 0 0, v0x6000007c3960_0;  alias, 1 drivers
L_0x6000004c41e0 .part v0x6000007c2400_0, 0, 7;
L_0x6000004c4280 .part v0x6000007c2400_0, 7, 5;
L_0x6000004c4320 .part v0x6000007c2400_0, 12, 3;
L_0x6000004c43c0 .part v0x6000007c2400_0, 15, 5;
L_0x6000004c4460 .part v0x6000007c2400_0, 20, 5;
L_0x6000004c4640 .part v0x6000007c2400_0, 25, 7;
S_0x159e0ceb0 .scope module, "ctrl" "control_unit" 10 105, 11 1 0, S_0x159e04ac0;
 .timescale 0 0;
    .port_info 0 /INPUT 7 "opcode";
    .port_info 1 /INPUT 3 "funct3";
    .port_info 2 /INPUT 7 "funct7";
    .port_info 3 /OUTPUT 1 "reg_write";
    .port_info 4 /OUTPUT 1 "mem_read";
    .port_info 5 /OUTPUT 1 "mem_write";
    .port_info 6 /OUTPUT 1 "branch";
    .port_info 7 /OUTPUT 1 "alu_src";
    .port_info 8 /OUTPUT 4 "alu_control";
v0x6000007c0360_0 .var "alu_control", 3 0;
v0x6000007c03f0_0 .var "alu_src", 0 0;
v0x6000007c0480_0 .var "branch", 0 0;
v0x6000007c0510_0 .net "funct3", 2 0, L_0x6000004c4320;  alias, 1 drivers
v0x6000007c05a0_0 .net "funct7", 6 0, L_0x6000004c4640;  alias, 1 drivers
v0x6000007c0630_0 .var "mem_read", 0 0;
v0x6000007c06c0_0 .var "mem_write", 0 0;
v0x6000007c0750_0 .net "opcode", 6 0, L_0x6000004c41e0;  alias, 1 drivers
v0x6000007c07e0_0 .var "reg_write", 0 0;
E_0x6000020cf200 .event anyedge, v0x6000007c0750_0, v0x6000007c05a0_0, v0x6000007c0510_0;
S_0x159e0d020 .scope module, "imm_gen" "immediate_generator" 10 94, 12 1 0, S_0x159e04ac0;
 .timescale 0 0;
    .port_info 0 /INPUT 32 "instruction";
    .port_info 1 /OUTPUT 32 "immediate";
v0x6000007c0870_0 .var "immediate", 31 0;
v0x6000007c0900_0 .net "instruction", 31 0, v0x6000007c2400_0;  alias, 1 drivers
v0x6000007c0990_0 .net "opcode", 6 0, L_0x6000004c50e0;  1 drivers
E_0x6000020cf280 .event anyedge, v0x6000007c0990_0, v0x6000007c0900_0;
L_0x6000004c50e0 .part v0x6000007c2400_0, 0, 7;
S_0x159e0c120 .scope module, "regfile" "register_file" 10 73, 13 1 0, S_0x159e04ac0;
 .timescale 0 0;
    .port_info 0 /INPUT 1 "clk";
    .port_info 1 /INPUT 1 "rst_n";
    .port_info 2 /INPUT 5 "rs1_addr";
    .port_info 3 /OUTPUT 32 "rs1_data";
    .port_info 4 /INPUT 5 "rs2_addr";
    .port_info 5 /OUTPUT 32 "rs2_data";
    .port_info 6 /INPUT 1 "reg_write";
    .port_info 7 /INPUT 5 "rd_addr";
    .port_info 8 /INPUT 32 "rd_data";
L_0x160088010 .functor BUFT 1, C4<00000>, C4<0>, C4<0>, C4<0>;
v0x6000007c0a20_0 .net/2u *"_ivl_0", 4 0, L_0x160088010;  1 drivers
L_0x1600880a0 .functor BUFT 1, C4<00>, C4<0>, C4<0>, C4<0>;
v0x6000007c0ab0_0 .net *"_ivl_11", 1 0, L_0x1600880a0;  1 drivers
L_0x1600880e8 .functor BUFT 1, C4<00000>, C4<0>, C4<0>, C4<0>;
v0x6000007c0b40_0 .net/2u *"_ivl_14", 4 0, L_0x1600880e8;  1 drivers
v0x6000007c0bd0_0 .net *"_ivl_16", 0 0, L_0x6000004c4e60;  1 drivers
L_0x160088130 .functor BUFT 1, C4<00000000000000000000000000000000>, C4<0>, C4<0>, C4<0>;
v0x6000007c0c60_0 .net/2u *"_ivl_18", 31 0, L_0x160088130;  1 drivers
v0x6000007c0cf0_0 .net *"_ivl_2", 0 0, L_0x6000004c46e0;  1 drivers
v0x6000007c0d80_0 .net *"_ivl_20", 31 0, L_0x6000004c4f00;  1 drivers
v0x6000007c0e10_0 .net *"_ivl_22", 6 0, L_0x6000004c4fa0;  1 drivers
L_0x160088178 .functor BUFT 1, C4<00>, C4<0>, C4<0>, C4<0>;
v0x6000007c0ea0_0 .net *"_ivl_25", 1 0, L_0x160088178;  1 drivers
L_0x160088058 .functor BUFT 1, C4<00000000000000000000000000000000>, C4<0>, C4<0>, C4<0>;
v0x6000007c0f30_0 .net/2u *"_ivl_4", 31 0, L_0x160088058;  1 drivers
v0x6000007c0fc0_0 .net *"_ivl_6", 31 0, L_0x6000004c4c80;  1 drivers
v0x6000007c1050_0 .net *"_ivl_8", 6 0, L_0x6000004c4d20;  1 drivers
v0x6000007c10e0_0 .net "clk", 0 0, v0x6000007cd200_0;  alias, 1 drivers
v0x6000007c1170_0 .var/i "i", 31 0;
v0x6000007c1200_0 .net "rd_addr", 4 0, v0x6000007c3840_0;  alias, 1 drivers
v0x6000007c1290_0 .net "rd_data", 31 0, L_0x600001ec0620;  alias, 1 drivers
v0x6000007c1320_0 .net "reg_write", 0 0, v0x6000007c3960_0;  alias, 1 drivers
v0x6000007c13b0 .array "registers", 31 0, 31 0;
v0x6000007c1440_0 .net "rs1_addr", 4 0, L_0x6000004c43c0;  alias, 1 drivers
v0x6000007c14d0_0 .net "rs1_data", 31 0, L_0x6000004c4dc0;  alias, 1 drivers
v0x6000007c1560_0 .net "rs2_addr", 4 0, L_0x6000004c4460;  alias, 1 drivers
v0x6000007c15f0_0 .net "rs2_data", 31 0, L_0x6000004c5040;  alias, 1 drivers
v0x6000007c1680_0 .net "rst_n", 0 0, v0x6000007cd290_0;  alias, 1 drivers
L_0x6000004c46e0 .cmp/eq 5, L_0x6000004c43c0, L_0x160088010;
L_0x6000004c4c80 .array/port v0x6000007c13b0, L_0x6000004c4d20;
L_0x6000004c4d20 .concat [ 5 2 0 0], L_0x6000004c43c0, L_0x1600880a0;
L_0x6000004c4dc0 .functor MUXZ 32, L_0x6000004c4c80, L_0x160088058, L_0x6000004c46e0, C4<>;
L_0x6000004c4e60 .cmp/eq 5, L_0x6000004c4460, L_0x1600880e8;
L_0x6000004c4f00 .array/port v0x6000007c13b0, L_0x6000004c4fa0;
L_0x6000004c4fa0 .concat [ 5 2 0 0], L_0x6000004c4460, L_0x160088178;
L_0x6000004c5040 .functor MUXZ 32, L_0x6000004c4f00, L_0x160088130, L_0x6000004c4e60, C4<>;
S_0x159e0c290 .scope module, "IF_ID" "if_id_reg" 5 32, 14 1 0, S_0x159e0e710;
 .timescale 0 0;
    .port_info 0 /INPUT 1 "clk";
    .port_info 1 /INPUT 1 "rst_n";
    .port_info 2 /INPUT 32 "pc_in";
    .port_info 3 /INPUT 32 "instruction_in";
    .port_info 4 /OUTPUT 32 "pc_out";
    .port_info 5 /OUTPUT 32 "instruction_out";
v0x6000007c22e0_0 .net "clk", 0 0, v0x6000007cd200_0;  alias, 1 drivers
v0x6000007c2370_0 .net "instruction_in", 31 0, L_0x600001ec0540;  alias, 1 drivers
v0x6000007c2400_0 .var "instruction_out", 31 0;
v0x6000007c2490_0 .net "pc_in", 31 0, L_0x600001ec04d0;  alias, 1 drivers
v0x6000007c2520_0 .var "pc_out", 31 0;
v0x6000007c25b0_0 .net "rst_n", 0 0, v0x6000007cd290_0;  alias, 1 drivers
S_0x159e08610 .scope module, "IF_STAGE" "fetch_stage" 5 15, 15 1 0, S_0x159e0e710;
 .timescale 0 0;
    .port_info 0 /INPUT 1 "clk";
    .port_info 1 /INPUT 1 "rst_n";
    .port_info 2 /OUTPUT 32 "pc_out";
    .port_info 3 /OUTPUT 32 "instruction_out";
L_0x600001ec04d0 .functor BUFZ 32, v0x6000007c2ac0_0, C4<00000000000000000000000000000000>, C4<00000000000000000000000000000000>, C4<00000000000000000000000000000000>;
L_0x600001ec0540 .functor BUFZ 32, L_0x600001ec00e0, C4<00000000000000000000000000000000>, C4<00000000000000000000000000000000>, C4<00000000000000000000000000000000>;
v0x6000007c2910_0 .net "clk", 0 0, v0x6000007cd200_0;  alias, 1 drivers
v0x6000007c29a0_0 .net "instruction", 31 0, L_0x600001ec00e0;  1 drivers
v0x6000007c2a30_0 .net "instruction_out", 31 0, L_0x600001ec0540;  alias, 1 drivers
v0x6000007c2ac0_0 .var "pc", 31 0;
v0x6000007c2b50_0 .net "pc_out", 31 0, L_0x600001ec04d0;  alias, 1 drivers
v0x6000007c2be0_0 .net "rst_n", 0 0, v0x6000007cd290_0;  alias, 1 drivers
S_0x159e08780 .scope module, "imem" "instruction_memory" 15 13, 16 1 0, S_0x159e08610;
 .timescale 0 0;
    .port_info 0 /INPUT 32 "addr";
    .port_info 1 /OUTPUT 32 "instruction";
L_0x600001ec00e0 .functor BUFZ 32, L_0x6000004c4be0, C4<00000000000000000000000000000000>, C4<00000000000000000000000000000000>, C4<00000000000000000000000000000000>;
v0x6000007c2640_0 .net *"_ivl_0", 31 0, L_0x6000004c4be0;  1 drivers
v0x6000007c26d0_0 .net *"_ivl_3", 29 0, L_0x6000004c4140;  1 drivers
v0x6000007c2760_0 .net "addr", 31 0, v0x6000007c2ac0_0;  1 drivers
v0x6000007c27f0_0 .net "instruction", 31 0, L_0x600001ec00e0;  alias, 1 drivers
v0x6000007c2880 .array "memory", 255 0, 31 0;
L_0x6000004c4be0 .array/port v0x6000007c2880, L_0x6000004c4140;
L_0x6000004c4140 .part v0x6000007c2ac0_0, 2, 30;
S_0x159e0ae40 .scope module, "MEM_STAGE" "memory_stage" 5 219, 17 1 0, S_0x159e0e710;
 .timescale 0 0;
    .port_info 0 /INPUT 1 "clk";
    .port_info 1 /INPUT 1 "mem_read";
    .port_info 2 /INPUT 1 "mem_write";
    .port_info 3 /INPUT 32 "alu_result";
    .port_info 4 /INPUT 32 "rs2_data";
    .port_info 5 /OUTPUT 32 "memory_data";
    .port_info 6 /OUTPUT 32 "address_out";
L_0x600001ec05b0 .functor BUFZ 32, v0x6000007c6760_0, C4<00000000000000000000000000000000>, C4<00000000000000000000000000000000>, C4<00000000000000000000000000000000>;
v0x6000007c30f0_0 .net "address_out", 31 0, L_0x600001ec05b0;  alias, 1 drivers
v0x6000007c3180_0 .net "alu_result", 31 0, v0x6000007c6760_0;  alias, 1 drivers
v0x6000007c3210_0 .net "clk", 0 0, v0x6000007cd200_0;  alias, 1 drivers
v0x6000007c32a0_0 .net "mem_read", 0 0, v0x6000007c6910_0;  alias, 1 drivers
v0x6000007c3330_0 .net "mem_write", 0 0, v0x6000007c6a30_0;  alias, 1 drivers
v0x6000007c33c0_0 .net "memory_data", 31 0, v0x6000007c2fd0_0;  alias, 1 drivers
v0x6000007c3450_0 .net "rs2_data", 31 0, v0x6000007c6d90_0;  alias, 1 drivers
S_0x159e0afb0 .scope module, "dmem" "data_memory" 17 24, 18 1 0, S_0x159e0ae40;
 .timescale 0 0;
    .port_info 0 /INPUT 1 "clk";
    .port_info 1 /INPUT 1 "mem_read";
    .port_info 2 /INPUT 1 "mem_write";
    .port_info 3 /INPUT 32 "address";
    .port_info 4 /INPUT 32 "write_data";
    .port_info 5 /OUTPUT 32 "read_data";
v0x6000007c2c70_0 .net "address", 31 0, v0x6000007c6760_0;  alias, 1 drivers
v0x6000007c2d00_0 .net "clk", 0 0, v0x6000007cd200_0;  alias, 1 drivers
v0x6000007c2d90_0 .var/i "i", 31 0;
v0x6000007c2e20_0 .net "mem_read", 0 0, v0x6000007c6910_0;  alias, 1 drivers
v0x6000007c2eb0_0 .net "mem_write", 0 0, v0x6000007c6a30_0;  alias, 1 drivers
v0x6000007c2f40 .array "memory", 255 0, 31 0;
v0x6000007c2fd0_0 .var "read_data", 31 0;
v0x6000007c3060_0 .net "write_data", 31 0, v0x6000007c6d90_0;  alias, 1 drivers
v0x6000007c2f40_0 .array/port v0x6000007c2f40, 0;
v0x6000007c2f40_1 .array/port v0x6000007c2f40, 1;
E_0x6000020cf6c0/0 .event anyedge, v0x6000007c6910_0, v0x6000007c6760_0, v0x6000007c2f40_0, v0x6000007c2f40_1;
v0x6000007c2f40_2 .array/port v0x6000007c2f40, 2;
v0x6000007c2f40_3 .array/port v0x6000007c2f40, 3;
v0x6000007c2f40_4 .array/port v0x6000007c2f40, 4;
v0x6000007c2f40_5 .array/port v0x6000007c2f40, 5;
E_0x6000020cf6c0/1 .event anyedge, v0x6000007c2f40_2, v0x6000007c2f40_3, v0x6000007c2f40_4, v0x6000007c2f40_5;
v0x6000007c2f40_6 .array/port v0x6000007c2f40, 6;
v0x6000007c2f40_7 .array/port v0x6000007c2f40, 7;
v0x6000007c2f40_8 .array/port v0x6000007c2f40, 8;
v0x6000007c2f40_9 .array/port v0x6000007c2f40, 9;
E_0x6000020cf6c0/2 .event anyedge, v0x6000007c2f40_6, v0x6000007c2f40_7, v0x6000007c2f40_8, v0x6000007c2f40_9;
v0x6000007c2f40_10 .array/port v0x6000007c2f40, 10;
v0x6000007c2f40_11 .array/port v0x6000007c2f40, 11;
v0x6000007c2f40_12 .array/port v0x6000007c2f40, 12;
v0x6000007c2f40_13 .array/port v0x6000007c2f40, 13;
E_0x6000020cf6c0/3 .event anyedge, v0x6000007c2f40_10, v0x6000007c2f40_11, v0x6000007c2f40_12, v0x6000007c2f40_13;
v0x6000007c2f40_14 .array/port v0x6000007c2f40, 14;
v0x6000007c2f40_15 .array/port v0x6000007c2f40, 15;
v0x6000007c2f40_16 .array/port v0x6000007c2f40, 16;
v0x6000007c2f40_17 .array/port v0x6000007c2f40, 17;
E_0x6000020cf6c0/4 .event anyedge, v0x6000007c2f40_14, v0x6000007c2f40_15, v0x6000007c2f40_16, v0x6000007c2f40_17;
v0x6000007c2f40_18 .array/port v0x6000007c2f40, 18;
v0x6000007c2f40_19 .array/port v0x6000007c2f40, 19;
v0x6000007c2f40_20 .array/port v0x6000007c2f40, 20;
v0x6000007c2f40_21 .array/port v0x6000007c2f40, 21;
E_0x6000020cf6c0/5 .event anyedge, v0x6000007c2f40_18, v0x6000007c2f40_19, v0x6000007c2f40_20, v0x6000007c2f40_21;
v0x6000007c2f40_22 .array/port v0x6000007c2f40, 22;
v0x6000007c2f40_23 .array/port v0x6000007c2f40, 23;
v0x6000007c2f40_24 .array/port v0x6000007c2f40, 24;
v0x6000007c2f40_25 .array/port v0x6000007c2f40, 25;
E_0x6000020cf6c0/6 .event anyedge, v0x6000007c2f40_22, v0x6000007c2f40_23, v0x6000007c2f40_24, v0x6000007c2f40_25;
v0x6000007c2f40_26 .array/port v0x6000007c2f40, 26;
v0x6000007c2f40_27 .array/port v0x6000007c2f40, 27;
v0x6000007c2f40_28 .array/port v0x6000007c2f40, 28;
v0x6000007c2f40_29 .array/port v0x6000007c2f40, 29;
E_0x6000020cf6c0/7 .event anyedge, v0x6000007c2f40_26, v0x6000007c2f40_27, v0x6000007c2f40_28, v0x6000007c2f40_29;
v0x6000007c2f40_30 .array/port v0x6000007c2f40, 30;
v0x6000007c2f40_31 .array/port v0x6000007c2f40, 31;
v0x6000007c2f40_32 .array/port v0x6000007c2f40, 32;
v0x6000007c2f40_33 .array/port v0x6000007c2f40, 33;
E_0x6000020cf6c0/8 .event anyedge, v0x6000007c2f40_30, v0x6000007c2f40_31, v0x6000007c2f40_32, v0x6000007c2f40_33;
v0x6000007c2f40_34 .array/port v0x6000007c2f40, 34;
v0x6000007c2f40_35 .array/port v0x6000007c2f40, 35;
v0x6000007c2f40_36 .array/port v0x6000007c2f40, 36;
v0x6000007c2f40_37 .array/port v0x6000007c2f40, 37;
E_0x6000020cf6c0/9 .event anyedge, v0x6000007c2f40_34, v0x6000007c2f40_35, v0x6000007c2f40_36, v0x6000007c2f40_37;
v0x6000007c2f40_38 .array/port v0x6000007c2f40, 38;
v0x6000007c2f40_39 .array/port v0x6000007c2f40, 39;
v0x6000007c2f40_40 .array/port v0x6000007c2f40, 40;
v0x6000007c2f40_41 .array/port v0x6000007c2f40, 41;
E_0x6000020cf6c0/10 .event anyedge, v0x6000007c2f40_38, v0x6000007c2f40_39, v0x6000007c2f40_40, v0x6000007c2f40_41;
v0x6000007c2f40_42 .array/port v0x6000007c2f40, 42;
v0x6000007c2f40_43 .array/port v0x6000007c2f40, 43;
v0x6000007c2f40_44 .array/port v0x6000007c2f40, 44;
v0x6000007c2f40_45 .array/port v0x6000007c2f40, 45;
E_0x6000020cf6c0/11 .event anyedge, v0x6000007c2f40_42, v0x6000007c2f40_43, v0x6000007c2f40_44, v0x6000007c2f40_45;
v0x6000007c2f40_46 .array/port v0x6000007c2f40, 46;
v0x6000007c2f40_47 .array/port v0x6000007c2f40, 47;
v0x6000007c2f40_48 .array/port v0x6000007c2f40, 48;
v0x6000007c2f40_49 .array/port v0x6000007c2f40, 49;
E_0x6000020cf6c0/12 .event anyedge, v0x6000007c2f40_46, v0x6000007c2f40_47, v0x6000007c2f40_48, v0x6000007c2f40_49;
v0x6000007c2f40_50 .array/port v0x6000007c2f40, 50;
v0x6000007c2f40_51 .array/port v0x6000007c2f40, 51;
v0x6000007c2f40_52 .array/port v0x6000007c2f40, 52;
v0x6000007c2f40_53 .array/port v0x6000007c2f40, 53;
E_0x6000020cf6c0/13 .event anyedge, v0x6000007c2f40_50, v0x6000007c2f40_51, v0x6000007c2f40_52, v0x6000007c2f40_53;
v0x6000007c2f40_54 .array/port v0x6000007c2f40, 54;
v0x6000007c2f40_55 .array/port v0x6000007c2f40, 55;
v0x6000007c2f40_56 .array/port v0x6000007c2f40, 56;
v0x6000007c2f40_57 .array/port v0x6000007c2f40, 57;
E_0x6000020cf6c0/14 .event anyedge, v0x6000007c2f40_54, v0x6000007c2f40_55, v0x6000007c2f40_56, v0x6000007c2f40_57;
v0x6000007c2f40_58 .array/port v0x6000007c2f40, 58;
v0x6000007c2f40_59 .array/port v0x6000007c2f40, 59;
v0x6000007c2f40_60 .array/port v0x6000007c2f40, 60;
v0x6000007c2f40_61 .array/port v0x6000007c2f40, 61;
E_0x6000020cf6c0/15 .event anyedge, v0x6000007c2f40_58, v0x6000007c2f40_59, v0x6000007c2f40_60, v0x6000007c2f40_61;
v0x6000007c2f40_62 .array/port v0x6000007c2f40, 62;
v0x6000007c2f40_63 .array/port v0x6000007c2f40, 63;
v0x6000007c2f40_64 .array/port v0x6000007c2f40, 64;
v0x6000007c2f40_65 .array/port v0x6000007c2f40, 65;
E_0x6000020cf6c0/16 .event anyedge, v0x6000007c2f40_62, v0x6000007c2f40_63, v0x6000007c2f40_64, v0x6000007c2f40_65;
v0x6000007c2f40_66 .array/port v0x6000007c2f40, 66;
v0x6000007c2f40_67 .array/port v0x6000007c2f40, 67;
v0x6000007c2f40_68 .array/port v0x6000007c2f40, 68;
v0x6000007c2f40_69 .array/port v0x6000007c2f40, 69;
E_0x6000020cf6c0/17 .event anyedge, v0x6000007c2f40_66, v0x6000007c2f40_67, v0x6000007c2f40_68, v0x6000007c2f40_69;
v0x6000007c2f40_70 .array/port v0x6000007c2f40, 70;
v0x6000007c2f40_71 .array/port v0x6000007c2f40, 71;
v0x6000007c2f40_72 .array/port v0x6000007c2f40, 72;
v0x6000007c2f40_73 .array/port v0x6000007c2f40, 73;
E_0x6000020cf6c0/18 .event anyedge, v0x6000007c2f40_70, v0x6000007c2f40_71, v0x6000007c2f40_72, v0x6000007c2f40_73;
v0x6000007c2f40_74 .array/port v0x6000007c2f40, 74;
v0x6000007c2f40_75 .array/port v0x6000007c2f40, 75;
v0x6000007c2f40_76 .array/port v0x6000007c2f40, 76;
v0x6000007c2f40_77 .array/port v0x6000007c2f40, 77;
E_0x6000020cf6c0/19 .event anyedge, v0x6000007c2f40_74, v0x6000007c2f40_75, v0x6000007c2f40_76, v0x6000007c2f40_77;
v0x6000007c2f40_78 .array/port v0x6000007c2f40, 78;
v0x6000007c2f40_79 .array/port v0x6000007c2f40, 79;
v0x6000007c2f40_80 .array/port v0x6000007c2f40, 80;
v0x6000007c2f40_81 .array/port v0x6000007c2f40, 81;
E_0x6000020cf6c0/20 .event anyedge, v0x6000007c2f40_78, v0x6000007c2f40_79, v0x6000007c2f40_80, v0x6000007c2f40_81;
v0x6000007c2f40_82 .array/port v0x6000007c2f40, 82;
v0x6000007c2f40_83 .array/port v0x6000007c2f40, 83;
v0x6000007c2f40_84 .array/port v0x6000007c2f40, 84;
v0x6000007c2f40_85 .array/port v0x6000007c2f40, 85;
E_0x6000020cf6c0/21 .event anyedge, v0x6000007c2f40_82, v0x6000007c2f40_83, v0x6000007c2f40_84, v0x6000007c2f40_85;
v0x6000007c2f40_86 .array/port v0x6000007c2f40, 86;
v0x6000007c2f40_87 .array/port v0x6000007c2f40, 87;
v0x6000007c2f40_88 .array/port v0x6000007c2f40, 88;
v0x6000007c2f40_89 .array/port v0x6000007c2f40, 89;
E_0x6000020cf6c0/22 .event anyedge, v0x6000007c2f40_86, v0x6000007c2f40_87, v0x6000007c2f40_88, v0x6000007c2f40_89;
v0x6000007c2f40_90 .array/port v0x6000007c2f40, 90;
v0x6000007c2f40_91 .array/port v0x6000007c2f40, 91;
v0x6000007c2f40_92 .array/port v0x6000007c2f40, 92;
v0x6000007c2f40_93 .array/port v0x6000007c2f40, 93;
E_0x6000020cf6c0/23 .event anyedge, v0x6000007c2f40_90, v0x6000007c2f40_91, v0x6000007c2f40_92, v0x6000007c2f40_93;
v0x6000007c2f40_94 .array/port v0x6000007c2f40, 94;
v0x6000007c2f40_95 .array/port v0x6000007c2f40, 95;
v0x6000007c2f40_96 .array/port v0x6000007c2f40, 96;
v0x6000007c2f40_97 .array/port v0x6000007c2f40, 97;
E_0x6000020cf6c0/24 .event anyedge, v0x6000007c2f40_94, v0x6000007c2f40_95, v0x6000007c2f40_96, v0x6000007c2f40_97;
v0x6000007c2f40_98 .array/port v0x6000007c2f40, 98;
v0x6000007c2f40_99 .array/port v0x6000007c2f40, 99;
v0x6000007c2f40_100 .array/port v0x6000007c2f40, 100;
v0x6000007c2f40_101 .array/port v0x6000007c2f40, 101;
E_0x6000020cf6c0/25 .event anyedge, v0x6000007c2f40_98, v0x6000007c2f40_99, v0x6000007c2f40_100, v0x6000007c2f40_101;
v0x6000007c2f40_102 .array/port v0x6000007c2f40, 102;
v0x6000007c2f40_103 .array/port v0x6000007c2f40, 103;
v0x6000007c2f40_104 .array/port v0x6000007c2f40, 104;
v0x6000007c2f40_105 .array/port v0x6000007c2f40, 105;
E_0x6000020cf6c0/26 .event anyedge, v0x6000007c2f40_102, v0x6000007c2f40_103, v0x6000007c2f40_104, v0x6000007c2f40_105;
v0x6000007c2f40_106 .array/port v0x6000007c2f40, 106;
v0x6000007c2f40_107 .array/port v0x6000007c2f40, 107;
v0x6000007c2f40_108 .array/port v0x6000007c2f40, 108;
v0x6000007c2f40_109 .array/port v0x6000007c2f40, 109;
E_0x6000020cf6c0/27 .event anyedge, v0x6000007c2f40_106, v0x6000007c2f40_107, v0x6000007c2f40_108, v0x6000007c2f40_109;
v0x6000007c2f40_110 .array/port v0x6000007c2f40, 110;
v0x6000007c2f40_111 .array/port v0x6000007c2f40, 111;
v0x6000007c2f40_112 .array/port v0x6000007c2f40, 112;
v0x6000007c2f40_113 .array/port v0x6000007c2f40, 113;
E_0x6000020cf6c0/28 .event anyedge, v0x6000007c2f40_110, v0x6000007c2f40_111, v0x6000007c2f40_112, v0x6000007c2f40_113;
v0x6000007c2f40_114 .array/port v0x6000007c2f40, 114;
v0x6000007c2f40_115 .array/port v0x6000007c2f40, 115;
v0x6000007c2f40_116 .array/port v0x6000007c2f40, 116;
v0x6000007c2f40_117 .array/port v0x6000007c2f40, 117;
E_0x6000020cf6c0/29 .event anyedge, v0x6000007c2f40_114, v0x6000007c2f40_115, v0x6000007c2f40_116, v0x6000007c2f40_117;
v0x6000007c2f40_118 .array/port v0x6000007c2f40, 118;
v0x6000007c2f40_119 .array/port v0x6000007c2f40, 119;
v0x6000007c2f40_120 .array/port v0x6000007c2f40, 120;
v0x6000007c2f40_121 .array/port v0x6000007c2f40, 121;
E_0x6000020cf6c0/30 .event anyedge, v0x6000007c2f40_118, v0x6000007c2f40_119, v0x6000007c2f40_120, v0x6000007c2f40_121;
v0x6000007c2f40_122 .array/port v0x6000007c2f40, 122;
v0x6000007c2f40_123 .array/port v0x6000007c2f40, 123;
v0x6000007c2f40_124 .array/port v0x6000007c2f40, 124;
v0x6000007c2f40_125 .array/port v0x6000007c2f40, 125;
E_0x6000020cf6c0/31 .event anyedge, v0x6000007c2f40_122, v0x6000007c2f40_123, v0x6000007c2f40_124, v0x6000007c2f40_125;
v0x6000007c2f40_126 .array/port v0x6000007c2f40, 126;
v0x6000007c2f40_127 .array/port v0x6000007c2f40, 127;
v0x6000007c2f40_128 .array/port v0x6000007c2f40, 128;
v0x6000007c2f40_129 .array/port v0x6000007c2f40, 129;
E_0x6000020cf6c0/32 .event anyedge, v0x6000007c2f40_126, v0x6000007c2f40_127, v0x6000007c2f40_128, v0x6000007c2f40_129;
v0x6000007c2f40_130 .array/port v0x6000007c2f40, 130;
v0x6000007c2f40_131 .array/port v0x6000007c2f40, 131;
v0x6000007c2f40_132 .array/port v0x6000007c2f40, 132;
v0x6000007c2f40_133 .array/port v0x6000007c2f40, 133;
E_0x6000020cf6c0/33 .event anyedge, v0x6000007c2f40_130, v0x6000007c2f40_131, v0x6000007c2f40_132, v0x6000007c2f40_133;
v0x6000007c2f40_134 .array/port v0x6000007c2f40, 134;
v0x6000007c2f40_135 .array/port v0x6000007c2f40, 135;
v0x6000007c2f40_136 .array/port v0x6000007c2f40, 136;
v0x6000007c2f40_137 .array/port v0x6000007c2f40, 137;
E_0x6000020cf6c0/34 .event anyedge, v0x6000007c2f40_134, v0x6000007c2f40_135, v0x6000007c2f40_136, v0x6000007c2f40_137;
v0x6000007c2f40_138 .array/port v0x6000007c2f40, 138;
v0x6000007c2f40_139 .array/port v0x6000007c2f40, 139;
v0x6000007c2f40_140 .array/port v0x6000007c2f40, 140;
v0x6000007c2f40_141 .array/port v0x6000007c2f40, 141;
E_0x6000020cf6c0/35 .event anyedge, v0x6000007c2f40_138, v0x6000007c2f40_139, v0x6000007c2f40_140, v0x6000007c2f40_141;
v0x6000007c2f40_142 .array/port v0x6000007c2f40, 142;
v0x6000007c2f40_143 .array/port v0x6000007c2f40, 143;
v0x6000007c2f40_144 .array/port v0x6000007c2f40, 144;
v0x6000007c2f40_145 .array/port v0x6000007c2f40, 145;
E_0x6000020cf6c0/36 .event anyedge, v0x6000007c2f40_142, v0x6000007c2f40_143, v0x6000007c2f40_144, v0x6000007c2f40_145;
v0x6000007c2f40_146 .array/port v0x6000007c2f40, 146;
v0x6000007c2f40_147 .array/port v0x6000007c2f40, 147;
v0x6000007c2f40_148 .array/port v0x6000007c2f40, 148;
v0x6000007c2f40_149 .array/port v0x6000007c2f40, 149;
E_0x6000020cf6c0/37 .event anyedge, v0x6000007c2f40_146, v0x6000007c2f40_147, v0x6000007c2f40_148, v0x6000007c2f40_149;
v0x6000007c2f40_150 .array/port v0x6000007c2f40, 150;
v0x6000007c2f40_151 .array/port v0x6000007c2f40, 151;
v0x6000007c2f40_152 .array/port v0x6000007c2f40, 152;
v0x6000007c2f40_153 .array/port v0x6000007c2f40, 153;
E_0x6000020cf6c0/38 .event anyedge, v0x6000007c2f40_150, v0x6000007c2f40_151, v0x6000007c2f40_152, v0x6000007c2f40_153;
v0x6000007c2f40_154 .array/port v0x6000007c2f40, 154;
v0x6000007c2f40_155 .array/port v0x6000007c2f40, 155;
v0x6000007c2f40_156 .array/port v0x6000007c2f40, 156;
v0x6000007c2f40_157 .array/port v0x6000007c2f40, 157;
E_0x6000020cf6c0/39 .event anyedge, v0x6000007c2f40_154, v0x6000007c2f40_155, v0x6000007c2f40_156, v0x6000007c2f40_157;
v0x6000007c2f40_158 .array/port v0x6000007c2f40, 158;
v0x6000007c2f40_159 .array/port v0x6000007c2f40, 159;
v0x6000007c2f40_160 .array/port v0x6000007c2f40, 160;
v0x6000007c2f40_161 .array/port v0x6000007c2f40, 161;
E_0x6000020cf6c0/40 .event anyedge, v0x6000007c2f40_158, v0x6000007c2f40_159, v0x6000007c2f40_160, v0x6000007c2f40_161;
v0x6000007c2f40_162 .array/port v0x6000007c2f40, 162;
v0x6000007c2f40_163 .array/port v0x6000007c2f40, 163;
v0x6000007c2f40_164 .array/port v0x6000007c2f40, 164;
v0x6000007c2f40_165 .array/port v0x6000007c2f40, 165;
E_0x6000020cf6c0/41 .event anyedge, v0x6000007c2f40_162, v0x6000007c2f40_163, v0x6000007c2f40_164, v0x6000007c2f40_165;
v0x6000007c2f40_166 .array/port v0x6000007c2f40, 166;
v0x6000007c2f40_167 .array/port v0x6000007c2f40, 167;
v0x6000007c2f40_168 .array/port v0x6000007c2f40, 168;
v0x6000007c2f40_169 .array/port v0x6000007c2f40, 169;
E_0x6000020cf6c0/42 .event anyedge, v0x6000007c2f40_166, v0x6000007c2f40_167, v0x6000007c2f40_168, v0x6000007c2f40_169;
v0x6000007c2f40_170 .array/port v0x6000007c2f40, 170;
v0x6000007c2f40_171 .array/port v0x6000007c2f40, 171;
v0x6000007c2f40_172 .array/port v0x6000007c2f40, 172;
v0x6000007c2f40_173 .array/port v0x6000007c2f40, 173;
E_0x6000020cf6c0/43 .event anyedge, v0x6000007c2f40_170, v0x6000007c2f40_171, v0x6000007c2f40_172, v0x6000007c2f40_173;
v0x6000007c2f40_174 .array/port v0x6000007c2f40, 174;
v0x6000007c2f40_175 .array/port v0x6000007c2f40, 175;
v0x6000007c2f40_176 .array/port v0x6000007c2f40, 176;
v0x6000007c2f40_177 .array/port v0x6000007c2f40, 177;
E_0x6000020cf6c0/44 .event anyedge, v0x6000007c2f40_174, v0x6000007c2f40_175, v0x6000007c2f40_176, v0x6000007c2f40_177;
v0x6000007c2f40_178 .array/port v0x6000007c2f40, 178;
v0x6000007c2f40_179 .array/port v0x6000007c2f40, 179;
v0x6000007c2f40_180 .array/port v0x6000007c2f40, 180;
v0x6000007c2f40_181 .array/port v0x6000007c2f40, 181;
E_0x6000020cf6c0/45 .event anyedge, v0x6000007c2f40_178, v0x6000007c2f40_179, v0x6000007c2f40_180, v0x6000007c2f40_181;
v0x6000007c2f40_182 .array/port v0x6000007c2f40, 182;
v0x6000007c2f40_183 .array/port v0x6000007c2f40, 183;
v0x6000007c2f40_184 .array/port v0x6000007c2f40, 184;
v0x6000007c2f40_185 .array/port v0x6000007c2f40, 185;
E_0x6000020cf6c0/46 .event anyedge, v0x6000007c2f40_182, v0x6000007c2f40_183, v0x6000007c2f40_184, v0x6000007c2f40_185;
v0x6000007c2f40_186 .array/port v0x6000007c2f40, 186;
v0x6000007c2f40_187 .array/port v0x6000007c2f40, 187;
v0x6000007c2f40_188 .array/port v0x6000007c2f40, 188;
v0x6000007c2f40_189 .array/port v0x6000007c2f40, 189;
E_0x6000020cf6c0/47 .event anyedge, v0x6000007c2f40_186, v0x6000007c2f40_187, v0x6000007c2f40_188, v0x6000007c2f40_189;
v0x6000007c2f40_190 .array/port v0x6000007c2f40, 190;
v0x6000007c2f40_191 .array/port v0x6000007c2f40, 191;
v0x6000007c2f40_192 .array/port v0x6000007c2f40, 192;
v0x6000007c2f40_193 .array/port v0x6000007c2f40, 193;
E_0x6000020cf6c0/48 .event anyedge, v0x6000007c2f40_190, v0x6000007c2f40_191, v0x6000007c2f40_192, v0x6000007c2f40_193;
v0x6000007c2f40_194 .array/port v0x6000007c2f40, 194;
v0x6000007c2f40_195 .array/port v0x6000007c2f40, 195;
v0x6000007c2f40_196 .array/port v0x6000007c2f40, 196;
v0x6000007c2f40_197 .array/port v0x6000007c2f40, 197;
E_0x6000020cf6c0/49 .event anyedge, v0x6000007c2f40_194, v0x6000007c2f40_195, v0x6000007c2f40_196, v0x6000007c2f40_197;
v0x6000007c2f40_198 .array/port v0x6000007c2f40, 198;
v0x6000007c2f40_199 .array/port v0x6000007c2f40, 199;
v0x6000007c2f40_200 .array/port v0x6000007c2f40, 200;
v0x6000007c2f40_201 .array/port v0x6000007c2f40, 201;
E_0x6000020cf6c0/50 .event anyedge, v0x6000007c2f40_198, v0x6000007c2f40_199, v0x6000007c2f40_200, v0x6000007c2f40_201;
v0x6000007c2f40_202 .array/port v0x6000007c2f40, 202;
v0x6000007c2f40_203 .array/port v0x6000007c2f40, 203;
v0x6000007c2f40_204 .array/port v0x6000007c2f40, 204;
v0x6000007c2f40_205 .array/port v0x6000007c2f40, 205;
E_0x6000020cf6c0/51 .event anyedge, v0x6000007c2f40_202, v0x6000007c2f40_203, v0x6000007c2f40_204, v0x6000007c2f40_205;
v0x6000007c2f40_206 .array/port v0x6000007c2f40, 206;
v0x6000007c2f40_207 .array/port v0x6000007c2f40, 207;
v0x6000007c2f40_208 .array/port v0x6000007c2f40, 208;
v0x6000007c2f40_209 .array/port v0x6000007c2f40, 209;
E_0x6000020cf6c0/52 .event anyedge, v0x6000007c2f40_206, v0x6000007c2f40_207, v0x6000007c2f40_208, v0x6000007c2f40_209;
v0x6000007c2f40_210 .array/port v0x6000007c2f40, 210;
v0x6000007c2f40_211 .array/port v0x6000007c2f40, 211;
v0x6000007c2f40_212 .array/port v0x6000007c2f40, 212;
v0x6000007c2f40_213 .array/port v0x6000007c2f40, 213;
E_0x6000020cf6c0/53 .event anyedge, v0x6000007c2f40_210, v0x6000007c2f40_211, v0x6000007c2f40_212, v0x6000007c2f40_213;
v0x6000007c2f40_214 .array/port v0x6000007c2f40, 214;
v0x6000007c2f40_215 .array/port v0x6000007c2f40, 215;
v0x6000007c2f40_216 .array/port v0x6000007c2f40, 216;
v0x6000007c2f40_217 .array/port v0x6000007c2f40, 217;
E_0x6000020cf6c0/54 .event anyedge, v0x6000007c2f40_214, v0x6000007c2f40_215, v0x6000007c2f40_216, v0x6000007c2f40_217;
v0x6000007c2f40_218 .array/port v0x6000007c2f40, 218;
v0x6000007c2f40_219 .array/port v0x6000007c2f40, 219;
v0x6000007c2f40_220 .array/port v0x6000007c2f40, 220;
v0x6000007c2f40_221 .array/port v0x6000007c2f40, 221;
E_0x6000020cf6c0/55 .event anyedge, v0x6000007c2f40_218, v0x6000007c2f40_219, v0x6000007c2f40_220, v0x6000007c2f40_221;
v0x6000007c2f40_222 .array/port v0x6000007c2f40, 222;
v0x6000007c2f40_223 .array/port v0x6000007c2f40, 223;
v0x6000007c2f40_224 .array/port v0x6000007c2f40, 224;
v0x6000007c2f40_225 .array/port v0x6000007c2f40, 225;
E_0x6000020cf6c0/56 .event anyedge, v0x6000007c2f40_222, v0x6000007c2f40_223, v0x6000007c2f40_224, v0x6000007c2f40_225;
v0x6000007c2f40_226 .array/port v0x6000007c2f40, 226;
v0x6000007c2f40_227 .array/port v0x6000007c2f40, 227;
v0x6000007c2f40_228 .array/port v0x6000007c2f40, 228;
v0x6000007c2f40_229 .array/port v0x6000007c2f40, 229;
E_0x6000020cf6c0/57 .event anyedge, v0x6000007c2f40_226, v0x6000007c2f40_227, v0x6000007c2f40_228, v0x6000007c2f40_229;
v0x6000007c2f40_230 .array/port v0x6000007c2f40, 230;
v0x6000007c2f40_231 .array/port v0x6000007c2f40, 231;
v0x6000007c2f40_232 .array/port v0x6000007c2f40, 232;
v0x6000007c2f40_233 .array/port v0x6000007c2f40, 233;
E_0x6000020cf6c0/58 .event anyedge, v0x6000007c2f40_230, v0x6000007c2f40_231, v0x6000007c2f40_232, v0x6000007c2f40_233;
v0x6000007c2f40_234 .array/port v0x6000007c2f40, 234;
v0x6000007c2f40_235 .array/port v0x6000007c2f40, 235;
v0x6000007c2f40_236 .array/port v0x6000007c2f40, 236;
v0x6000007c2f40_237 .array/port v0x6000007c2f40, 237;
E_0x6000020cf6c0/59 .event anyedge, v0x6000007c2f40_234, v0x6000007c2f40_235, v0x6000007c2f40_236, v0x6000007c2f40_237;
v0x6000007c2f40_238 .array/port v0x6000007c2f40, 238;
v0x6000007c2f40_239 .array/port v0x6000007c2f40, 239;
v0x6000007c2f40_240 .array/port v0x6000007c2f40, 240;
v0x6000007c2f40_241 .array/port v0x6000007c2f40, 241;
E_0x6000020cf6c0/60 .event anyedge, v0x6000007c2f40_238, v0x6000007c2f40_239, v0x6000007c2f40_240, v0x6000007c2f40_241;
v0x6000007c2f40_242 .array/port v0x6000007c2f40, 242;
v0x6000007c2f40_243 .array/port v0x6000007c2f40, 243;
v0x6000007c2f40_244 .array/port v0x6000007c2f40, 244;
v0x6000007c2f40_245 .array/port v0x6000007c2f40, 245;
E_0x6000020cf6c0/61 .event anyedge, v0x6000007c2f40_242, v0x6000007c2f40_243, v0x6000007c2f40_244, v0x6000007c2f40_245;
v0x6000007c2f40_246 .array/port v0x6000007c2f40, 246;
v0x6000007c2f40_247 .array/port v0x6000007c2f40, 247;
v0x6000007c2f40_248 .array/port v0x6000007c2f40, 248;
v0x6000007c2f40_249 .array/port v0x6000007c2f40, 249;
E_0x6000020cf6c0/62 .event anyedge, v0x6000007c2f40_246, v0x6000007c2f40_247, v0x6000007c2f40_248, v0x6000007c2f40_249;
v0x6000007c2f40_250 .array/port v0x6000007c2f40, 250;
v0x6000007c2f40_251 .array/port v0x6000007c2f40, 251;
v0x6000007c2f40_252 .array/port v0x6000007c2f40, 252;
v0x6000007c2f40_253 .array/port v0x6000007c2f40, 253;
E_0x6000020cf6c0/63 .event anyedge, v0x6000007c2f40_250, v0x6000007c2f40_251, v0x6000007c2f40_252, v0x6000007c2f40_253;
v0x6000007c2f40_254 .array/port v0x6000007c2f40, 254;
v0x6000007c2f40_255 .array/port v0x6000007c2f40, 255;
E_0x6000020cf6c0/64 .event anyedge, v0x6000007c2f40_254, v0x6000007c2f40_255;
E_0x6000020cf6c0 .event/or E_0x6000020cf6c0/0, E_0x6000020cf6c0/1, E_0x6000020cf6c0/2, E_0x6000020cf6c0/3, E_0x6000020cf6c0/4, E_0x6000020cf6c0/5, E_0x6000020cf6c0/6, E_0x6000020cf6c0/7, E_0x6000020cf6c0/8, E_0x6000020cf6c0/9, E_0x6000020cf6c0/10, E_0x6000020cf6c0/11, E_0x6000020cf6c0/12, E_0x6000020cf6c0/13, E_0x6000020cf6c0/14, E_0x6000020cf6c0/15, E_0x6000020cf6c0/16, E_0x6000020cf6c0/17, E_0x6000020cf6c0/18, E_0x6000020cf6c0/19, E_0x6000020cf6c0/20, E_0x6000020cf6c0/21, E_0x6000020cf6c0/22, E_0x6000020cf6c0/23, E_0x6000020cf6c0/24, E_0x6000020cf6c0/25, E_0x6000020cf6c0/26, E_0x6000020cf6c0/27, E_0x6000020cf6c0/28, E_0x6000020cf6c0/29, E_0x6000020cf6c0/30, E_0x6000020cf6c0/31, E_0x6000020cf6c0/32, E_0x6000020cf6c0/33, E_0x6000020cf6c0/34, E_0x6000020cf6c0/35, E_0x6000020cf6c0/36, E_0x6000020cf6c0/37, E_0x6000020cf6c0/38, E_0x6000020cf6c0/39, E_0x6000020cf6c0/40, E_0x6000020cf6c0/41, E_0x6000020cf6c0/42, E_0x6000020cf6c0/43, E_0x6000020cf6c0/44, E_0x6000020cf6c0/45, E_0x6000020cf6c0/46, E_0x6000020cf6c0/47, E_0x6000020cf6c0/48, E_0x6000020cf6c0/49, E_0x6000020cf6c0/50, E_0x6000020cf6c0/51, E_0x6000020cf6c0/52, E_0x6000020cf6c0/53, E_0x6000020cf6c0/54, E_0x6000020cf6c0/55, E_0x6000020cf6c0/56, E_0x6000020cf6c0/57, E_0x6000020cf6c0/58, E_0x6000020cf6c0/59, E_0x6000020cf6c0/60, E_0x6000020cf6c0/61, E_0x6000020cf6c0/62, E_0x6000020cf6c0/63, E_0x6000020cf6c0/64;
E_0x6000020cf700 .event posedge, v0x6000007c67f0_0;
S_0x159e08b60 .scope module, "MEM_WB" "mem_wb_reg" 5 241, 19 1 0, S_0x159e0e710;
 .timescale 0 0;
    .port_info 0 /INPUT 1 "clk";
    .port_info 1 /INPUT 1 "rst_n";
    .port_info 2 /INPUT 32 "memory_data_in";
    .port_info 3 /INPUT 32 "alu_result_in";
    .port_info 4 /INPUT 5 "rd_addr_in";
    .port_info 5 /INPUT 1 "reg_write_in";
    .port_info 6 /OUTPUT 32 "memory_data_out";
    .port_info 7 /OUTPUT 32 "alu_result_out";
    .port_info 8 /OUTPUT 5 "rd_addr_out";
    .port_info 9 /OUTPUT 1 "reg_write_out";
v0x6000007c34e0_0 .net "alu_result_in", 31 0, v0x6000007c6760_0;  alias, 1 drivers
v0x6000007c3570_0 .var "alu_result_out", 31 0;
v0x6000007c3600_0 .net "clk", 0 0, v0x6000007cd200_0;  alias, 1 drivers
v0x6000007c3690_0 .net "memory_data_in", 31 0, v0x6000007c2fd0_0;  alias, 1 drivers
v0x6000007c3720_0 .var "memory_data_out", 31 0;
v0x6000007c37b0_0 .net "rd_addr_in", 4 0, v0x6000007c6b50_0;  alias, 1 drivers
v0x6000007c3840_0 .var "rd_addr_out", 4 0;
v0x6000007c38d0_0 .net "reg_write_in", 0 0, v0x6000007c6c70_0;  alias, 1 drivers
v0x6000007c3960_0 .var "reg_write_out", 0 0;
v0x6000007c39f0_0 .net "rst_n", 0 0, v0x6000007cd290_0;  alias, 1 drivers
S_0x159e0e5a0 .scope module, "writeback_stage" "writeback_stage" 20 1;
 .timescale 0 0;
    .port_info 0 /INPUT 1 "mem_to_reg";
    .port_info 1 /INPUT 32 "alu_result";
    .port_info 2 /INPUT 32 "memory_data";
    .port_info 3 /OUTPUT 32 "writeback_data";
o0x1600558f0 .functor BUFZ 32, c4<zzzzzzzzzzzzzzzzzzzzzzzzzzzzzzzz>; HiZ drive
v0x6000007cd320_0 .net "alu_result", 31 0, o0x1600558f0;  0 drivers
o0x160055920 .functor BUFZ 1, c4<z>; HiZ drive
v0x6000007cd3b0_0 .net "mem_to_reg", 0 0, o0x160055920;  0 drivers
o0x160055950 .functor BUFZ 32, c4<zzzzzzzzzzzzzzzzzzzzzzzzzzzzzzzz>; HiZ drive
v0x6000007cd440_0 .net "memory_data", 31 0, o0x160055950;  0 drivers
v0x6000007cd4d0_0 .net "writeback_data", 31 0, L_0x6000004c52c0;  1 drivers
L_0x6000004c52c0 .functor MUXZ 32, o0x1600558f0, o0x160055950, o0x160055920, C4<>;
    .scope S_0x159e21ed0;
T_0 ;
    %wait E_0x6000020cee80;
    %pushi/vec4 0, 0, 2;
    %store/vec4 v0x6000007c5f80_0, 0, 2;
    %pushi/vec4 0, 0, 2;
    %store/vec4 v0x6000007c6010_0, 0, 2;
    %load/vec4 v0x6000007c5ef0_0;
    %flag_set/vec4 10;
    %flag_get/vec4 10;
    %jmp/0 T_0.3, 10;
    %load/vec4 v0x6000007c5e60_0;
    %pad/u 32;
    %pushi/vec4 0, 0, 32;
    %cmp/ne;
    %flag_get/vec4 4;
    %and;
T_0.3;
    %flag_set/vec4 9;
    %flag_get/vec4 9;
    %jmp/0 T_0.2, 9;
    %load/vec4 v0x6000007c5e60_0;
    %load/vec4 v0x6000007c61c0_0;
    %cmp/e;
    %flag_get/vec4 4;
    %and;
T_0.2;
    %flag_set/vec4 8;
    %jmp/0xz  T_0.0, 8;
    %pushi/vec4 2, 0, 2;
    %store/vec4 v0x6000007c5f80_0, 0, 2;
T_0.0 ;
    %load/vec4 v0x6000007c5ef0_0;
    %flag_set/vec4 10;
    %flag_get/vec4 10;
    %jmp/0 T_0.7, 10;
    %load/vec4 v0x6000007c5e60_0;
    %pad/u 32;
    %pushi/vec4 0, 0, 32;
    %cmp/ne;
    %flag_get/vec4 4;
    %and;
T_0.7;
    %flag_set/vec4 9;
    %flag_get/vec4 9;
    %jmp/0 T_0.6, 9;
    %load/vec4 v0x6000007c5e60_0;
    %load/vec4 v0x6000007c6250_0;
    %cmp/e;
    %flag_get/vec4 4;
    %and;
T_0.6;
    %flag_set/vec4 8;
    %jmp/0xz  T_0.4, 8;
    %pushi/vec4 2, 0, 2;
    %store/vec4 v0x6000007c6010_0, 0, 2;
T_0.4 ;
    %load/vec4 v0x6000007c6130_0;
    %flag_set/vec4 11;
    %flag_get/vec4 11;
    %jmp/0 T_0.12, 11;
    %load/vec4 v0x6000007c60a0_0;
    %pad/u 32;
    %pushi/vec4 0, 0, 32;
    %cmp/ne;
    %flag_get/vec4 4;
    %and;
T_0.12;
    %flag_set/vec4 10;
    %flag_get/vec4 10;
    %jmp/0 T_0.11, 10;
    %load/vec4 v0x6000007c5ef0_0;
    %flag_set/vec4 11;
    %flag_get/vec4 11;
    %jmp/0 T_0.14, 11;
    %load/vec4 v0x6000007c5e60_0;
    %pad/u 32;
    %pushi/vec4 0, 0, 32;
    %cmp/ne;
    %flag_get/vec4 4;
    %and;
T_0.14;
    %flag_set/vec4 10;
    %flag_get/vec4 10;
    %jmp/0 T_0.13, 10;
    %load/vec4 v0x6000007c5e60_0;
    %load/vec4 v0x6000007c61c0_0;
    %cmp/e;
    %flag_get/vec4 4;
    %and;
T_0.13;
    %nor/r;
    %and;
T_0.11;
    %flag_set/vec4 9;
    %flag_get/vec4 9;
    %jmp/0 T_0.10, 9;
    %load/vec4 v0x6000007c60a0_0;
    %load/vec4 v0x6000007c61c0_0;
    %cmp/e;
    %flag_get/vec4 4;
    %and;
T_0.10;
    %flag_set/vec4 8;
    %jmp/0xz  T_0.8, 8;
    %pushi/vec4 1, 0, 2;
    %store/vec4 v0x6000007c5f80_0, 0, 2;
T_0.8 ;
    %load/vec4 v0x6000007c6130_0;
    %flag_set/vec4 11;
    %flag_get/vec4 11;
    %jmp/0 T_0.19, 11;
    %load/vec4 v0x6000007c60a0_0;
    %pad/u 32;
    %pushi/vec4 0, 0, 32;
    %cmp/ne;
    %flag_get/vec4 4;
    %and;
T_0.19;
    %flag_set/vec4 10;
    %flag_get/vec4 10;
    %jmp/0 T_0.18, 10;
    %load/vec4 v0x6000007c5ef0_0;
    %flag_set/vec4 11;
    %flag_get/vec4 11;
    %jmp/0 T_0.21, 11;
    %load/vec4 v0x6000007c5e60_0;
    %pad/u 32;
    %pushi/vec4 0, 0, 32;
    %cmp/ne;
    %flag_get/vec4 4;
    %and;
T_0.21;
    %flag_set/vec4 10;
    %flag_get/vec4 10;
    %jmp/0 T_0.20, 10;
    %load/vec4 v0x6000007c5e60_0;
    %load/vec4 v0x6000007c6250_0;
    %cmp/e;
    %flag_get/vec4 4;
    %and;
T_0.20;
    %nor/r;
    %and;
T_0.18;
    %flag_set/vec4 9;
    %flag_get/vec4 9;
    %jmp/0 T_0.17, 9;
    %load/vec4 v0x6000007c60a0_0;
    %load/vec4 v0x6000007c6250_0;
    %cmp/e;
    %flag_get/vec4 4;
    %and;
T_0.17;
    %flag_set/vec4 8;
    %jmp/0xz  T_0.15, 8;
    %pushi/vec4 1, 0, 2;
    %store/vec4 v0x6000007c6010_0, 0, 2;
T_0.15 ;
    %jmp T_0;
    .thread T_0, $push;
    .scope S_0x159e0d610;
T_1 ;
    %wait E_0x6000020cee00;
    %pushi/vec4 1, 0, 1;
    %store/vec4 v0x6000007c65b0_0, 0, 1;
    %pushi/vec4 1, 0, 1;
    %store/vec4 v0x6000007c6520_0, 0, 1;
    %pushi/vec4 0, 0, 1;
    %store/vec4 v0x6000007c6640_0, 0, 1;
    %load/vec4 v0x6000007c62e0_0;
    %flag_set/vec4 10;
    %flag_get/vec4 10;
    %jmp/0 T_1.3, 10;
    %load/vec4 v0x6000007c6370_0;
    %load/vec4 v0x6000007c6400_0;
    %cmp/e;
    %flag_get/vec4 4;
    %jmp/1 T_1.4, 4;
    %load/vec4 v0x6000007c6370_0;
    %load/vec4 v0x6000007c6490_0;
    %cmp/e;
    %flag_get/vec4 4;
    %or;
T_1.4;
    %and;
T_1.3;
    %flag_set/vec4 9;
    %flag_get/vec4 9;
    %jmp/0 T_1.2, 9;
    %load/vec4 v0x6000007c6370_0;
    %pad/u 32;
    %pushi/vec4 0, 0, 32;
    %cmp/ne;
    %flag_get/vec4 4;
    %and;
T_1.2;
    %flag_set/vec4 8;
    %jmp/0xz  T_1.0, 8;
    %pushi/vec4 0, 0, 1;
    %store/vec4 v0x6000007c65b0_0, 0, 1;
    %pushi/vec4 0, 0, 1;
    %store/vec4 v0x6000007c6520_0, 0, 1;
    %pushi/vec4 1, 0, 1;
    %store/vec4 v0x6000007c6640_0, 0, 1;
T_1.0 ;
    %jmp T_1;
    .thread T_1, $push;
    .scope S_0x159e08780;
T_2 ;
    %pushi/vec4 5243027, 0, 32;
    %ix/load 4, 0, 0;
    %flag_set/imm 4, 0;
    %store/vec4a v0x6000007c2880, 4, 0;
    %pushi/vec4 10486035, 0, 32;
    %ix/load 4, 1, 0;
    %flag_set/imm 4, 0;
    %store/vec4a v0x6000007c2880, 4, 0;
    %pushi/vec4 2130355, 0, 32;
    %ix/load 4, 2, 0;
    %flag_set/imm 4, 0;
    %store/vec4a v0x6000007c2880, 4, 0;
    %pushi/vec4 19, 0, 32;
    %ix/load 4, 3, 0;
    %flag_set/imm 4, 0;
    %store/vec4a v0x6000007c2880, 4, 0;
    %end;
    .thread T_2;
    .scope S_0x159e08610;
T_3 ;
    %wait E_0x6000020cefc0;
    %load/vec4 v0x6000007c2be0_0;
    %nor/r;
    %flag_set/vec4 8;
    %jmp/0xz  T_3.0, 8;
    %pushi/vec4 0, 0, 32;
    %assign/vec4 v0x6000007c2ac0_0, 0;
    %jmp T_3.1;
T_3.0 ;
    %load/vec4 v0x6000007c2ac0_0;
    %addi 4, 0, 32;
    %assign/vec4 v0x6000007c2ac0_0, 0;
T_3.1 ;
    %jmp T_3;
    .thread T_3;
    .scope S_0x159e0c290;
T_4 ;
    %wait E_0x6000020cefc0;
    %load/vec4 v0x6000007c25b0_0;
    %nor/r;
    %flag_set/vec4 8;
    %jmp/0xz  T_4.0, 8;
    %pushi/vec4 0, 0, 32;
    %assign/vec4 v0x6000007c2520_0, 0;
    %pushi/vec4 0, 0, 32;
    %assign/vec4 v0x6000007c2400_0, 0;
    %jmp T_4.1;
T_4.0 ;
    %load/vec4 v0x6000007c2490_0;
    %assign/vec4 v0x6000007c2520_0, 0;
    %load/vec4 v0x6000007c2370_0;
    %assign/vec4 v0x6000007c2400_0, 0;
T_4.1 ;
    %jmp T_4;
    .thread T_4;
    .scope S_0x159e0c120;
T_5 ;
    %wait E_0x6000020cefc0;
    %load/vec4 v0x6000007c1680_0;
    %nor/r;
    %flag_set/vec4 8;
    %jmp/0xz  T_5.0, 8;
    %pushi/vec4 0, 0, 32;
    %store/vec4 v0x6000007c1170_0, 0, 32;
T_5.2 ; Top of for-loop
    %load/vec4 v0x6000007c1170_0;
    %cmpi/s 32, 0, 32;
	  %jmp/0xz T_5.3, 5;
    %pushi/vec4 0, 0, 32;
    %ix/getv/s 3, v0x6000007c1170_0;
    %ix/load 4, 0, 0; Constant delay
    %assign/vec4/a/d v0x6000007c13b0, 0, 4;
T_5.4 ; for-loop step statement
    %load/vec4 v0x6000007c1170_0;
    %addi 1, 0, 32;
    %store/vec4 v0x6000007c1170_0, 0, 32;
    %jmp T_5.2;
T_5.3 ; for-loop exit label
    %jmp T_5.1;
T_5.0 ;
    %load/vec4 v0x6000007c1320_0;
    %flag_set/vec4 9;
    %flag_get/vec4 9;
    %jmp/0 T_5.7, 9;
    %load/vec4 v0x6000007c1200_0;
    %pushi/vec4 0, 0, 5;
    %cmp/ne;
    %flag_get/vec4 4;
    %and;
T_5.7;
    %flag_set/vec4 8;
    %jmp/0xz  T_5.5, 8;
    %load/vec4 v0x6000007c1290_0;
    %load/vec4 v0x6000007c1200_0;
    %pad/u 7;
    %ix/vec4 3;
    %ix/load 4, 0, 0; Constant delay
    %assign/vec4/a/d v0x6000007c13b0, 0, 4;
T_5.5 ;
T_5.1 ;
    %jmp T_5;
    .thread T_5;
    .scope S_0x159e0d020;
T_6 ;
    %wait E_0x6000020cf280;
    %load/vec4 v0x6000007c0990_0;
    %dup/vec4;
    %pushi/vec4 19, 0, 7;
    %cmp/u;
    %jmp/1 T_6.0, 6;
    %dup/vec4;
    %pushi/vec4 3, 0, 7;
    %cmp/u;
    %jmp/1 T_6.1, 6;
    %dup/vec4;
    %pushi/vec4 35, 0, 7;
    %cmp/u;
    %jmp/1 T_6.2, 6;
    %dup/vec4;
    %pushi/vec4 99, 0, 7;
    %cmp/u;
    %jmp/1 T_6.3, 6;
    %pushi/vec4 0, 0, 32;
    %store/vec4 v0x6000007c0870_0, 0, 32;
    %jmp T_6.5;
T_6.0 ;
    %load/vec4 v0x6000007c0900_0;
    %parti/s 1, 31, 6;
    %replicate 20;
    %load/vec4 v0x6000007c0900_0;
    %parti/s 12, 20, 6;
    %concat/vec4; draw_concat_vec4
    %store/vec4 v0x6000007c0870_0, 0, 32;
    %jmp T_6.5;
T_6.1 ;
    %load/vec4 v0x6000007c0900_0;
    %parti/s 1, 31, 6;
    %replicate 20;
    %load/vec4 v0x6000007c0900_0;
    %parti/s 12, 20, 6;
    %concat/vec4; draw_concat_vec4
    %store/vec4 v0x6000007c0870_0, 0, 32;
    %jmp T_6.5;
T_6.2 ;
    %load/vec4 v0x6000007c0900_0;
    %parti/s 1, 31, 6;
    %replicate 20;
    %load/vec4 v0x6000007c0900_0;
    %parti/s 7, 25, 6;
    %concat/vec4; draw_concat_vec4
    %load/vec4 v0x6000007c0900_0;
    %parti/s 5, 7, 4;
    %concat/vec4; draw_concat_vec4
    %store/vec4 v0x6000007c0870_0, 0, 32;
    %jmp T_6.5;
T_6.3 ;
    %load/vec4 v0x6000007c0900_0;
    %parti/s 1, 31, 6;
    %replicate 19;
    %load/vec4 v0x6000007c0900_0;
    %parti/s 1, 31, 6;
    %concat/vec4; draw_concat_vec4
    %load/vec4 v0x6000007c0900_0;
    %parti/s 1, 7, 4;
    %concat/vec4; draw_concat_vec4
    %load/vec4 v0x6000007c0900_0;
    %parti/s 6, 25, 6;
    %concat/vec4; draw_concat_vec4
    %load/vec4 v0x6000007c0900_0;
    %parti/s 4, 8, 5;
    %concat/vec4; draw_concat_vec4
    %concati/vec4 0, 0, 1;
    %store/vec4 v0x6000007c0870_0, 0, 32;
    %jmp T_6.5;
T_6.5 ;
    %pop/vec4 1;
    %jmp T_6;
    .thread T_6, $push;
    .scope S_0x159e0ceb0;
T_7 ;
    %wait E_0x6000020cf200;
    %pushi/vec4 0, 0, 1;
    %store/vec4 v0x6000007c07e0_0, 0, 1;
    %pushi/vec4 0, 0, 1;
    %store/vec4 v0x6000007c0630_0, 0, 1;
    %pushi/vec4 0, 0, 1;
    %store/vec4 v0x6000007c06c0_0, 0, 1;
    %pushi/vec4 0, 0, 1;
    %store/vec4 v0x6000007c0480_0, 0, 1;
    %pushi/vec4 0, 0, 1;
    %store/vec4 v0x6000007c03f0_0, 0, 1;
    %pushi/vec4 0, 0, 4;
    %store/vec4 v0x6000007c0360_0, 0, 4;
    %load/vec4 v0x6000007c0750_0;
    %dup/vec4;
    %pushi/vec4 51, 0, 7;
    %cmp/u;
    %jmp/1 T_7.0, 6;
    %dup/vec4;
    %pushi/vec4 19, 0, 7;
    %cmp/u;
    %jmp/1 T_7.1, 6;
    %dup/vec4;
    %pushi/vec4 3, 0, 7;
    %cmp/u;
    %jmp/1 T_7.2, 6;
    %dup/vec4;
    %pushi/vec4 35, 0, 7;
    %cmp/u;
    %jmp/1 T_7.3, 6;
    %dup/vec4;
    %pushi/vec4 99, 0, 7;
    %cmp/u;
    %jmp/1 T_7.4, 6;
    %pushi/vec4 0, 0, 1;
    %store/vec4 v0x6000007c07e0_0, 0, 1;
    %pushi/vec4 0, 0, 1;
    %store/vec4 v0x6000007c0630_0, 0, 1;
    %pushi/vec4 0, 0, 1;
    %store/vec4 v0x6000007c06c0_0, 0, 1;
    %pushi/vec4 0, 0, 1;
    %store/vec4 v0x6000007c0480_0, 0, 1;
    %pushi/vec4 0, 0, 1;
    %store/vec4 v0x6000007c03f0_0, 0, 1;
    %pushi/vec4 0, 0, 4;
    %store/vec4 v0x6000007c0360_0, 0, 4;
    %jmp T_7.6;
T_7.0 ;
    %pushi/vec4 1, 0, 1;
    %store/vec4 v0x6000007c07e0_0, 0, 1;
    %load/vec4 v0x6000007c05a0_0;
    %load/vec4 v0x6000007c0510_0;
    %concat/vec4; draw_concat_vec4
    %dup/vec4;
    %pushi/vec4 0, 0, 10;
    %cmp/u;
    %jmp/1 T_7.7, 6;
    %dup/vec4;
    %pushi/vec4 256, 0, 10;
    %cmp/u;
    %jmp/1 T_7.8, 6;
    %dup/vec4;
    %pushi/vec4 7, 0, 10;
    %cmp/u;
    %jmp/1 T_7.9, 6;
    %dup/vec4;
    %pushi/vec4 6, 0, 10;
    %cmp/u;
    %jmp/1 T_7.10, 6;
    %pushi/vec4 0, 0, 4;
    %store/vec4 v0x6000007c0360_0, 0, 4;
    %jmp T_7.12;
T_7.7 ;
    %pushi/vec4 0, 0, 4;
    %store/vec4 v0x6000007c0360_0, 0, 4;
    %jmp T_7.12;
T_7.8 ;
    %pushi/vec4 1, 0, 4;
    %store/vec4 v0x6000007c0360_0, 0, 4;
    %jmp T_7.12;
T_7.9 ;
    %pushi/vec4 2, 0, 4;
    %store/vec4 v0x6000007c0360_0, 0, 4;
    %jmp T_7.12;
T_7.10 ;
    %pushi/vec4 3, 0, 4;
    %store/vec4 v0x6000007c0360_0, 0, 4;
    %jmp T_7.12;
T_7.12 ;
    %pop/vec4 1;
    %jmp T_7.6;
T_7.1 ;
    %pushi/vec4 1, 0, 1;
    %store/vec4 v0x6000007c07e0_0, 0, 1;
    %pushi/vec4 1, 0, 1;
    %store/vec4 v0x6000007c03f0_0, 0, 1;
    %pushi/vec4 0, 0, 4;
    %store/vec4 v0x6000007c0360_0, 0, 4;
    %jmp T_7.6;
T_7.2 ;
    %pushi/vec4 1, 0, 1;
    %store/vec4 v0x6000007c07e0_0, 0, 1;
    %pushi/vec4 1, 0, 1;
    %store/vec4 v0x6000007c0630_0, 0, 1;
    %pushi/vec4 1, 0, 1;
    %store/vec4 v0x6000007c03f0_0, 0, 1;
    %pushi/vec4 0, 0, 4;
    %store/vec4 v0x6000007c0360_0, 0, 4;
    %jmp T_7.6;
T_7.3 ;
    %pushi/vec4 1, 0, 1;
    %store/vec4 v0x6000007c06c0_0, 0, 1;
    %pushi/vec4 1, 0, 1;
    %store/vec4 v0x6000007c03f0_0, 0, 1;
    %pushi/vec4 0, 0, 4;
    %store/vec4 v0x6000007c0360_0, 0, 4;
    %jmp T_7.6;
T_7.4 ;
    %pushi/vec4 1, 0, 1;
    %store/vec4 v0x6000007c0480_0, 0, 1;
    %pushi/vec4 1, 0, 4;
    %store/vec4 v0x6000007c0360_0, 0, 4;
    %jmp T_7.6;
T_7.6 ;
    %pop/vec4 1;
    %jmp T_7;
    .thread T_7, $push;
    .scope S_0x159e04950;
T_8 ;
    %wait E_0x6000020cefc0;
    %load/vec4 v0x6000007c02d0_0;
    %nor/r;
    %flag_set/vec4 8;
    %jmp/0xz  T_8.0, 8;
    %pushi/vec4 0, 0, 32;
    %assign/vec4 v0x6000007c0120_0, 0;
    %pushi/vec4 0, 0, 32;
    %assign/vec4 v0x6000007c0240_0, 0;
    %pushi/vec4 0, 0, 32;
    %assign/vec4 v0x6000007c7b10_0, 0;
    %pushi/vec4 0, 0, 5;
    %assign/vec4 v0x6000007c7e70_0, 0;
    %pushi/vec4 0, 0, 1;
    %assign/vec4 v0x6000007c0000_0, 0;
    %pushi/vec4 0, 0, 1;
    %assign/vec4 v0x6000007c7c30_0, 0;
    %pushi/vec4 0, 0, 1;
    %assign/vec4 v0x6000007c7d50_0, 0;
    %pushi/vec4 0, 0, 1;
    %assign/vec4 v0x6000007c7960_0, 0;
    %pushi/vec4 0, 0, 1;
    %assign/vec4 v0x6000007c7840_0, 0;
    %pushi/vec4 0, 0, 4;
    %assign/vec4 v0x6000007c7720_0, 0;
    %jmp T_8.1;
T_8.0 ;
    %load/vec4 v0x6000007c0090_0;
    %assign/vec4 v0x6000007c0120_0, 0;
    %load/vec4 v0x6000007c01b0_0;
    %assign/vec4 v0x6000007c0240_0, 0;
    %load/vec4 v0x6000007c7a80_0;
    %assign/vec4 v0x6000007c7b10_0, 0;
    %load/vec4 v0x6000007c7de0_0;
    %assign/vec4 v0x6000007c7e70_0, 0;
    %load/vec4 v0x6000007c7f00_0;
    %assign/vec4 v0x6000007c0000_0, 0;
    %load/vec4 v0x6000007c7ba0_0;
    %assign/vec4 v0x6000007c7c30_0, 0;
    %load/vec4 v0x6000007c7cc0_0;
    %assign/vec4 v0x6000007c7d50_0, 0;
    %load/vec4 v0x6000007c78d0_0;
    %assign/vec4 v0x6000007c7960_0, 0;
    %load/vec4 v0x6000007c77b0_0;
    %assign/vec4 v0x6000007c7840_0, 0;
    %load/vec4 v0x6000007c7690_0;
    %assign/vec4 v0x6000007c7720_0, 0;
T_8.1 ;
    %jmp T_8;
    .thread T_8;
    .scope S_0x159e0b920;
T_9 ;
    %wait E_0x6000020cf040;
    %load/vec4 v0x6000007c6f40_0;
    %dup/vec4;
    %pushi/vec4 0, 0, 4;
    %cmp/u;
    %jmp/1 T_9.0, 6;
    %dup/vec4;
    %pushi/vec4 1, 0, 4;
    %cmp/u;
    %jmp/1 T_9.1, 6;
    %dup/vec4;
    %pushi/vec4 2, 0, 4;
    %cmp/u;
    %jmp/1 T_9.2, 6;
    %dup/vec4;
    %pushi/vec4 3, 0, 4;
    %cmp/u;
    %jmp/1 T_9.3, 6;
    %dup/vec4;
    %pushi/vec4 4, 0, 4;
    %cmp/u;
    %jmp/1 T_9.4, 6;
    %dup/vec4;
    %pushi/vec4 5, 0, 4;
    %cmp/u;
    %jmp/1 T_9.5, 6;
    %pushi/vec4 0, 0, 32;
    %store/vec4 v0x6000007c70f0_0, 0, 32;
    %jmp T_9.7;
T_9.0 ;
    %load/vec4 v0x6000007c6fd0_0;
    %load/vec4 v0x6000007c7060_0;
    %add;
    %store/vec4 v0x6000007c70f0_0, 0, 32;
    %jmp T_9.7;
T_9.1 ;
    %load/vec4 v0x6000007c6fd0_0;
    %load/vec4 v0x6000007c7060_0;
    %sub;
    %store/vec4 v0x6000007c70f0_0, 0, 32;
    %jmp T_9.7;
T_9.2 ;
    %load/vec4 v0x6000007c6fd0_0;
    %load/vec4 v0x6000007c7060_0;
    %and;
    %store/vec4 v0x6000007c70f0_0, 0, 32;
    %jmp T_9.7;
T_9.3 ;
    %load/vec4 v0x6000007c6fd0_0;
    %load/vec4 v0x6000007c7060_0;
    %or;
    %store/vec4 v0x6000007c70f0_0, 0, 32;
    %jmp T_9.7;
T_9.4 ;
    %load/vec4 v0x6000007c6fd0_0;
    %load/vec4 v0x6000007c7060_0;
    %xor;
    %store/vec4 v0x6000007c70f0_0, 0, 32;
    %jmp T_9.7;
T_9.5 ;
    %load/vec4 v0x6000007c6fd0_0;
    %load/vec4 v0x6000007c7060_0;
    %cmp/s;
    %jmp/0xz  T_9.8, 5;
    %pushi/vec4 1, 0, 32;
    %store/vec4 v0x6000007c70f0_0, 0, 32;
    %jmp T_9.9;
T_9.8 ;
    %pushi/vec4 0, 0, 32;
    %store/vec4 v0x6000007c70f0_0, 0, 32;
T_9.9 ;
    %jmp T_9.7;
T_9.7 ;
    %pop/vec4 1;
    %jmp T_9;
    .thread T_9, $push;
    .scope S_0x159e05810;
T_10 ;
    %wait E_0x6000020cefc0;
    %load/vec4 v0x6000007c6e20_0;
    %nor/r;
    %flag_set/vec4 8;
    %jmp/0xz  T_10.0, 8;
    %pushi/vec4 0, 0, 32;
    %assign/vec4 v0x6000007c6760_0, 0;
    %pushi/vec4 0, 0, 32;
    %assign/vec4 v0x6000007c6d90_0, 0;
    %pushi/vec4 0, 0, 5;
    %assign/vec4 v0x6000007c6b50_0, 0;
    %pushi/vec4 0, 0, 1;
    %assign/vec4 v0x6000007c6c70_0, 0;
    %pushi/vec4 0, 0, 1;
    %assign/vec4 v0x6000007c6910_0, 0;
    %pushi/vec4 0, 0, 1;
    %assign/vec4 v0x6000007c6a30_0, 0;
    %jmp T_10.1;
T_10.0 ;
    %load/vec4 v0x6000007c66d0_0;
    %assign/vec4 v0x6000007c6760_0, 0;
    %load/vec4 v0x6000007c6d00_0;
    %assign/vec4 v0x6000007c6d90_0, 0;
    %load/vec4 v0x6000007c6ac0_0;
    %assign/vec4 v0x6000007c6b50_0, 0;
    %load/vec4 v0x6000007c6be0_0;
    %assign/vec4 v0x6000007c6c70_0, 0;
    %load/vec4 v0x6000007c6880_0;
    %assign/vec4 v0x6000007c6910_0, 0;
    %load/vec4 v0x6000007c69a0_0;
    %assign/vec4 v0x6000007c6a30_0, 0;
T_10.1 ;
    %jmp T_10;
    .thread T_10;
    .scope S_0x159e0afb0;
T_11 ;
    %pushi/vec4 0, 0, 32;
    %store/vec4 v0x6000007c2d90_0, 0, 32;
T_11.0 ; Top of for-loop
    %load/vec4 v0x6000007c2d90_0;
    %cmpi/s 256, 0, 32;
	  %jmp/0xz T_11.1, 5;
    %pushi/vec4 0, 0, 32;
    %ix/getv/s 4, v0x6000007c2d90_0;
    %store/vec4a v0x6000007c2f40, 4, 0;
T_11.2 ; for-loop step statement
    %load/vec4 v0x6000007c2d90_0;
    %addi 1, 0, 32;
    %store/vec4 v0x6000007c2d90_0, 0, 32;
    %jmp T_11.0;
T_11.1 ; for-loop exit label
    %pushi/vec4 100, 0, 32;
    %ix/load 4, 0, 0;
    %flag_set/imm 4, 0;
    %store/vec4a v0x6000007c2f40, 4, 0;
    %pushi/vec4 200, 0, 32;
    %ix/load 4, 1, 0;
    %flag_set/imm 4, 0;
    %store/vec4a v0x6000007c2f40, 4, 0;
    %pushi/vec4 300, 0, 32;
    %ix/load 4, 2, 0;
    %flag_set/imm 4, 0;
    %store/vec4a v0x6000007c2f40, 4, 0;
    %end;
    .thread T_11;
    .scope S_0x159e0afb0;
T_12 ;
    %wait E_0x6000020cf700;
    %load/vec4 v0x6000007c2eb0_0;
    %flag_set/vec4 8;
    %jmp/0xz  T_12.0, 8;
    %load/vec4 v0x6000007c3060_0;
    %load/vec4 v0x6000007c2c70_0;
    %parti/s 30, 2, 3;
    %ix/vec4 3;
    %ix/load 4, 0, 0; Constant delay
    %assign/vec4/a/d v0x6000007c2f40, 0, 4;
T_12.0 ;
    %jmp T_12;
    .thread T_12;
    .scope S_0x159e0afb0;
T_13 ;
    %wait E_0x6000020cf6c0;
    %load/vec4 v0x6000007c2e20_0;
    %flag_set/vec4 8;
    %jmp/0xz  T_13.0, 8;
    %load/vec4 v0x6000007c2c70_0;
    %parti/s 30, 2, 3;
    %ix/vec4 4;
    %load/vec4a v0x6000007c2f40, 4;
    %store/vec4 v0x6000007c2fd0_0, 0, 32;
    %jmp T_13.1;
T_13.0 ;
    %pushi/vec4 0, 0, 32;
    %store/vec4 v0x6000007c2fd0_0, 0, 32;
T_13.1 ;
    %jmp T_13;
    .thread T_13, $push;
    .scope S_0x159e08b60;
T_14 ;
    %wait E_0x6000020cefc0;
    %load/vec4 v0x6000007c39f0_0;
    %nor/r;
    %flag_set/vec4 8;
    %jmp/0xz  T_14.0, 8;
    %pushi/vec4 0, 0, 32;
    %assign/vec4 v0x6000007c3720_0, 0;
    %pushi/vec4 0, 0, 32;
    %assign/vec4 v0x6000007c3570_0, 0;
    %pushi/vec4 0, 0, 5;
    %assign/vec4 v0x6000007c3840_0, 0;
    %pushi/vec4 0, 0, 1;
    %assign/vec4 v0x6000007c3960_0, 0;
    %jmp T_14.1;
T_14.0 ;
    %load/vec4 v0x6000007c3690_0;
    %assign/vec4 v0x6000007c3720_0, 0;
    %load/vec4 v0x6000007c34e0_0;
    %assign/vec4 v0x6000007c3570_0, 0;
    %load/vec4 v0x6000007c37b0_0;
    %assign/vec4 v0x6000007c3840_0, 0;
    %load/vec4 v0x6000007c38d0_0;
    %assign/vec4 v0x6000007c3960_0, 0;
T_14.1 ;
    %jmp T_14;
    .thread T_14;
    .scope S_0x159e0d780;
T_15 ;
    %delay 5000, 0;
    %load/vec4 v0x6000007cd200_0;
    %inv;
    %store/vec4 v0x6000007cd200_0, 0, 1;
    %jmp T_15;
    .thread T_15;
    .scope S_0x159e0d780;
T_16 ;
    %vpi_call 4 29 "$dumpfile", "riscv_pipeline.vcd" {0 0 0};
    %vpi_call 4 30 "$dumpvars", 32'sb00000000000000000000000000000000, S_0x159e0d780 {0 0 0};
    %pushi/vec4 0, 0, 1;
    %store/vec4 v0x6000007cd200_0, 0, 1;
    %pushi/vec4 0, 0, 1;
    %store/vec4 v0x6000007cd290_0, 0, 1;
    %delay 20000, 0;
    %pushi/vec4 1, 0, 1;
    %store/vec4 v0x6000007cd290_0, 0, 1;
    %delay 500000, 0;
    %vpi_call 4 48 "$finish" {0 0 0};
    %end;
    .thread T_16;
# The file index is used to find the file name in the following table.
:file_names 21;
    "N/A";
    "<interactive>";
    "rtl/forwarding_unit.v";
    "rtl/hazard_detection_unit.v";
    "tb/riscv_pipeline_tb.v";
    "rtl/riscv_pipeline_top.v";
    "rtl/ex_mem_reg.v";
    "rtl/execute_stage.v";
    "rtl/alu.v";
    "rtl/id_ex_reg.v";
    "rtl/decode_stage.v";
    "rtl/control_unit.v";
    "rtl/immediate_generator.v";
    "rtl/register_file.v";
    "rtl/if_id_reg.v";
    "rtl/fetch_stage.v";
    "rtl/instruction_memory.v";
    "rtl/memory_stage.v";
    "rtl/data_memory.v";
    "rtl/mem_wb_reg.v";
    "rtl/writeback_stage.v";
